#! /c/Source/iverilog-install/bin/vvp
:ivl_version "12.0 (devel)" "(s20150603-1539-g2693dd32b)";
:ivl_delay_selection "TYPICAL";
:vpi_time_precision - 12;
:vpi_module "C:\iverilog\lib\ivl\system.vpi";
:vpi_module "C:\iverilog\lib\ivl\vhdl_sys.vpi";
:vpi_module "C:\iverilog\lib\ivl\vhdl_textio.vpi";
:vpi_module "C:\iverilog\lib\ivl\v2005_math.vpi";
:vpi_module "C:\iverilog\lib\ivl\va_math.vpi";
S_000001e229051220 .scope module, "alu_tb" "alu_tb" 2 3;
 .timescale -9 -12;
v000001e2290b9d30_0 .var "A", 7 0;
v000001e2290b9010_0 .var "B", 7 0;
v000001e2290b8ed0_0 .net "carry_flag", 0 0, v000001e2290b9510_0;  1 drivers
v000001e2290b9330_0 .net "negative_flag", 0 0, L_000001e229105f10;  1 drivers
v000001e2290b8f70_0 .var "opcode", 2 0;
v000001e2290b8bb0_0 .net "overflow_flag", 0 0, v000001e2290b95b0_0;  1 drivers
v000001e2290b9970_0 .net "result", 7 0, v000001e2290b96f0_0;  1 drivers
v000001e2290b9470_0 .net "zero_flag", 0 0, L_000001e229105e70;  1 drivers
S_000001e229004830 .scope module, "dut" "alu" 2 15, 3 3 0, S_000001e229051220;
 .timescale -9 -12;
    .port_info 0 /INPUT 8 "A";
    .port_info 1 /INPUT 8 "B";
    .port_info 2 /INPUT 3 "opcode";
    .port_info 3 /OUTPUT 8 "result";
    .port_info 4 /OUTPUT 1 "carry_flag";
    .port_info 5 /OUTPUT 1 "overflow_flag";
    .port_info 6 /OUTPUT 1 "zero_flag";
    .port_info 7 /OUTPUT 1 "negative_flag";
v000001e2290b9290_0 .net "A", 7 0, v000001e2290b9d30_0;  1 drivers
v000001e2290b93d0_0 .net "B", 7 0, v000001e2290b9010_0;  1 drivers
L_000001e2290bc0e8 .functor BUFT 1, C4<001>, C4<0>, C4<0>, C4<0>;
v000001e2290b89d0_0 .net/2u *"_ivl_0", 2 0, L_000001e2290bc0e8;  1 drivers
L_000001e2290bc130 .functor BUFT 1, C4<00000000>, C4<0>, C4<0>, C4<0>;
v000001e2290b9790_0 .net/2u *"_ivl_6", 7 0, L_000001e2290bc130;  1 drivers
v000001e2290b91f0_0 .net "arithmetic_cout", 0 0, L_000001e229104990;  1 drivers
v000001e2290b9830_0 .net "arithmetic_overflow", 0 0, L_000001e2291041b0;  1 drivers
v000001e2290b8e30_0 .net "arithmetic_result", 7 0, L_000001e229106cd0;  1 drivers
v000001e2290b9510_0 .var "carry_flag", 0 0;
v000001e2290b9f10_0 .var "logical_op", 1 0;
v000001e2290b8390_0 .net "logical_result", 7 0, v000001e2290b25e0_0;  1 drivers
v000001e2290b9650_0 .net "negative_flag", 0 0, L_000001e229105f10;  alias, 1 drivers
v000001e2290b8cf0_0 .net "opcode", 2 0, v000001e2290b8f70_0;  1 drivers
v000001e2290b95b0_0 .var "overflow_flag", 0 0;
v000001e2290b96f0_0 .var "result", 7 0;
v000001e2290b8c50_0 .net "shift_carry", 0 0, v000001e2290b2720_0;  1 drivers
v000001e2290b8750_0 .net "shift_op", 0 0, L_000001e2290b8a70;  1 drivers
v000001e2290b8b10_0 .net "shift_result", 7 0, v000001e2290b2680_0;  1 drivers
v000001e2290b98d0_0 .net "sub", 0 0, L_000001e2290b9a10;  1 drivers
v000001e2290b90b0_0 .net "zero_flag", 0 0, L_000001e229105e70;  alias, 1 drivers
E_000001e2290495d0/0 .event anyedge, v000001e2290b8cf0_0, v000001e2290b3a80_0, v000001e2290b3300_0, v000001e2290b29a0_0;
E_000001e2290495d0/1 .event anyedge, v000001e2290b25e0_0, v000001e2290b2680_0, v000001e2290b2720_0;
E_000001e2290495d0 .event/or E_000001e2290495d0/0, E_000001e2290495d0/1;
E_000001e22904aa90 .event anyedge, v000001e2290b8cf0_0;
L_000001e2290b9a10 .cmp/eq 3, v000001e2290b8f70_0, L_000001e2290bc0e8;
L_000001e2290b8a70 .part v000001e2290b8f70_0, 0, 1;
L_000001e229105e70 .cmp/eq 8, v000001e2290b96f0_0, L_000001e2290bc130;
L_000001e229105f10 .part v000001e2290b96f0_0, 7, 1;
S_000001e2290049c0 .scope module, "u1" "arithmetic_unit" 3 44, 4 3 0, S_000001e229004830;
 .timescale -9 -12;
    .port_info 0 /INPUT 8 "A";
    .port_info 1 /INPUT 8 "B";
    .port_info 2 /INPUT 1 "sub";
    .port_info 3 /OUTPUT 8 "result";
    .port_info 4 /OUTPUT 1 "cout";
    .port_info 5 /OUTPUT 1 "overflow";
L_000001e229046110 .functor XOR 8, v000001e2290b9010_0, L_000001e2290b9150, C4<00000000>, C4<00000000>;
L_000001e2291041b0 .functor XOR 1, L_000001e229104990, L_000001e229104140, C4<0>, C4<0>;
v000001e2290b36c0_0 .net "A", 7 0, v000001e2290b9d30_0;  alias, 1 drivers
v000001e2290b2180_0 .net "B", 7 0, v000001e2290b9010_0;  alias, 1 drivers
v000001e2290b3d00_0 .net *"_ivl_0", 7 0, L_000001e2290b9150;  1 drivers
v000001e2290b3f80_0 .net "carry_into_msb", 0 0, L_000001e229104140;  1 drivers
v000001e2290b20e0_0 .net "cout", 0 0, L_000001e229104990;  alias, 1 drivers
v000001e2290b22c0_0 .net "mod_b", 7 0, L_000001e229046110;  1 drivers
v000001e2290b29a0_0 .net "overflow", 0 0, L_000001e2291041b0;  alias, 1 drivers
v000001e2290b2900_0 .net "result", 7 0, L_000001e229106cd0;  alias, 1 drivers
v000001e2290b2360_0 .net "sub", 0 0, L_000001e2290b9a10;  alias, 1 drivers
LS_000001e2290b9150_0_0 .concat [ 1 1 1 1], L_000001e2290b9a10, L_000001e2290b9a10, L_000001e2290b9a10, L_000001e2290b9a10;
LS_000001e2290b9150_0_4 .concat [ 1 1 1 1], L_000001e2290b9a10, L_000001e2290b9a10, L_000001e2290b9a10, L_000001e2290b9a10;
L_000001e2290b9150 .concat [ 4 4 0 0], LS_000001e2290b9150_0_0, LS_000001e2290b9150_0_4;
S_000001e229002840 .scope module, "u1" "RCA_8bit" 4 27, 5 3 0, S_000001e2290049c0;
 .timescale -9 -12;
    .port_info 0 /INPUT 8 "A";
    .port_info 1 /INPUT 8 "B";
    .port_info 2 /INPUT 1 "cin";
    .port_info 3 /OUTPUT 8 "sum";
    .port_info 4 /OUTPUT 1 "cout";
    .port_info 5 /OUTPUT 1 "carry_into_msb";
v000001e2290b3ee0_0 .net "A", 7 0, v000001e2290b9d30_0;  alias, 1 drivers
v000001e2290b2860_0 .net "B", 7 0, L_000001e229046110;  alias, 1 drivers
v000001e2290b3620_0 .net "c1", 0 0, L_000001e229104c30;  1 drivers
v000001e2290b2cc0_0 .net "carry_into_msb", 0 0, L_000001e229104140;  alias, 1 drivers
v000001e2290b3800_0 .net "cin", 0 0, L_000001e2290b9a10;  alias, 1 drivers
v000001e2290b2220_0 .net "cout", 0 0, L_000001e229104990;  alias, 1 drivers
v000001e2290b3a80_0 .net "sum", 7 0, L_000001e229106cd0;  alias, 1 drivers
L_000001e2290b81b0 .part v000001e2290b9d30_0, 0, 4;
L_000001e2290b8250 .part L_000001e229046110, 0, 4;
L_000001e229106870 .part v000001e2290b9d30_0, 4, 4;
L_000001e229106550 .part L_000001e229046110, 4, 4;
L_000001e229106cd0 .concat8 [ 4 4 0 0], L_000001e2290b9c90, L_000001e2290b8890;
S_000001e2290029d0 .scope module, "u1_RCA_4bit" "RCA_4bit" 5 17, 6 3 0, S_000001e229002840;
 .timescale -9 -12;
    .port_info 0 /INPUT 4 "A";
    .port_info 1 /INPUT 4 "B";
    .port_info 2 /INPUT 1 "cin";
    .port_info 3 /OUTPUT 4 "sum";
    .port_info 4 /OUTPUT 1 "cout";
    .port_info 5 /OUTPUT 1 "carry_into_last_bit";
L_000001e229104f40 .functor BUFZ 1, L_000001e2290465e0, C4<0>, C4<0>, C4<0>;
v000001e2290ab290_0 .net "A", 3 0, L_000001e2290b81b0;  1 drivers
v000001e2290a9670_0 .net "B", 3 0, L_000001e2290b8250;  1 drivers
v000001e2290a9990_0 .net "c1", 0 0, L_000001e229046650;  1 drivers
v000001e2290a9710_0 .net "c2", 0 0, L_000001e2290466c0;  1 drivers
v000001e2290a98f0_0 .net "c3", 0 0, L_000001e2290465e0;  1 drivers
v000001e2290a9ad0_0 .net "carry_into_last_bit", 0 0, L_000001e229104f40;  1 drivers
v000001e2290add10_0 .net "cin", 0 0, L_000001e2290b9a10;  alias, 1 drivers
v000001e2290ad3b0_0 .net "cout", 0 0, L_000001e229104c30;  alias, 1 drivers
v000001e2290ad950_0 .net "sum", 3 0, L_000001e2290b9c90;  1 drivers
L_000001e2290b9ab0 .part L_000001e2290b81b0, 0, 1;
L_000001e2290b9b50 .part L_000001e2290b8250, 0, 1;
L_000001e2290b9dd0 .part L_000001e2290b81b0, 1, 1;
L_000001e2290b9e70 .part L_000001e2290b8250, 1, 1;
L_000001e2290b9bf0 .part L_000001e2290b81b0, 2, 1;
L_000001e2290b9fb0 .part L_000001e2290b8250, 2, 1;
L_000001e2290b8d90 .part L_000001e2290b81b0, 3, 1;
L_000001e2290b8110 .part L_000001e2290b8250, 3, 1;
L_000001e2290b9c90 .concat8 [ 1 1 1 1], L_000001e229046b20, L_000001e2290461f0, L_000001e2290462d0, L_000001e2291048b0;
S_000001e229000930 .scope module, "FA1" "FA" 6 16, 7 3 0, S_000001e2290029d0;
 .timescale -9 -12;
    .port_info 0 /INPUT 1 "A";
    .port_info 1 /INPUT 1 "B";
    .port_info 2 /INPUT 1 "cin";
    .port_info 3 /OUTPUT 1 "sum";
    .port_info 4 /OUTPUT 1 "cout";
L_000001e229046650 .functor OR 1, L_000001e229046340, L_000001e2290460a0, C4<0>, C4<0>;
v000001e22903f9d0_0 .net "A", 0 0, L_000001e2290b9ab0;  1 drivers
v000001e229040290_0 .net "B", 0 0, L_000001e2290b9b50;  1 drivers
v000001e22903efd0_0 .net "C1", 0 0, L_000001e229046340;  1 drivers
v000001e22903fa70_0 .net "C2", 0 0, L_000001e2290460a0;  1 drivers
v000001e229040010_0 .net "S1", 0 0, L_000001e229046500;  1 drivers
v000001e22903fb10_0 .net "cin", 0 0, L_000001e2290b9a10;  alias, 1 drivers
v000001e2290400b0_0 .net "cout", 0 0, L_000001e229046650;  alias, 1 drivers
v000001e229040150_0 .net "sum", 0 0, L_000001e229046b20;  1 drivers
S_000001e229000ac0 .scope module, "ha1" "HA" 7 15, 8 2 0, S_000001e229000930;
 .timescale -9 -12;
    .port_info 0 /INPUT 1 "A";
    .port_info 1 /INPUT 1 "B";
    .port_info 2 /OUTPUT 1 "sum";
    .port_info 3 /OUTPUT 1 "cout";
L_000001e229046500 .functor XOR 1, L_000001e2290b9ab0, L_000001e2290b9b50, C4<0>, C4<0>;
L_000001e229046340 .functor AND 1, L_000001e2290b9ab0, L_000001e2290b9b50, C4<1>, C4<1>;
v000001e22903fed0_0 .net "A", 0 0, L_000001e2290b9ab0;  alias, 1 drivers
v000001e229040970_0 .net "B", 0 0, L_000001e2290b9b50;  alias, 1 drivers
v000001e229040ab0_0 .net "cout", 0 0, L_000001e229046340;  alias, 1 drivers
v000001e22903ff70_0 .net "sum", 0 0, L_000001e229046500;  alias, 1 drivers
S_000001e229018ed0 .scope module, "ha2" "HA" 7 22, 8 2 0, S_000001e229000930;
 .timescale -9 -12;
    .port_info 0 /INPUT 1 "A";
    .port_info 1 /INPUT 1 "B";
    .port_info 2 /OUTPUT 1 "sum";
    .port_info 3 /OUTPUT 1 "cout";
L_000001e229046b20 .functor XOR 1, L_000001e229046500, L_000001e2290b9a10, C4<0>, C4<0>;
L_000001e2290460a0 .functor AND 1, L_000001e229046500, L_000001e2290b9a10, C4<1>, C4<1>;
v000001e22903f570_0 .net "A", 0 0, L_000001e229046500;  alias, 1 drivers
v000001e22903ee90_0 .net "B", 0 0, L_000001e2290b9a10;  alias, 1 drivers
v000001e22903f890_0 .net "cout", 0 0, L_000001e2290460a0;  alias, 1 drivers
v000001e22903ef30_0 .net "sum", 0 0, L_000001e229046b20;  alias, 1 drivers
S_000001e229019060 .scope module, "FA2" "FA" 6 24, 7 3 0, S_000001e2290029d0;
 .timescale -9 -12;
    .port_info 0 /INPUT 1 "A";
    .port_info 1 /INPUT 1 "B";
    .port_info 2 /INPUT 1 "cin";
    .port_info 3 /OUTPUT 1 "sum";
    .port_info 4 /OUTPUT 1 "cout";
L_000001e2290466c0 .functor OR 1, L_000001e229046570, L_000001e229045c40, C4<0>, C4<0>;
v000001e2290ab0b0_0 .net "A", 0 0, L_000001e2290b9dd0;  1 drivers
v000001e2290aa110_0 .net "B", 0 0, L_000001e2290b9e70;  1 drivers
v000001e2290a9df0_0 .net "C1", 0 0, L_000001e229046570;  1 drivers
v000001e2290aa7f0_0 .net "C2", 0 0, L_000001e229045c40;  1 drivers
v000001e2290aa9d0_0 .net "S1", 0 0, L_000001e229045e70;  1 drivers
v000001e2290a9e90_0 .net "cin", 0 0, L_000001e229046650;  alias, 1 drivers
v000001e2290aa930_0 .net "cout", 0 0, L_000001e2290466c0;  alias, 1 drivers
v000001e2290aab10_0 .net "sum", 0 0, L_000001e2290461f0;  1 drivers
S_000001e22900bce0 .scope module, "ha1" "HA" 7 15, 8 2 0, S_000001e229019060;
 .timescale -9 -12;
    .port_info 0 /INPUT 1 "A";
    .port_info 1 /INPUT 1 "B";
    .port_info 2 /OUTPUT 1 "sum";
    .port_info 3 /OUTPUT 1 "cout";
L_000001e229045e70 .functor XOR 1, L_000001e2290b9dd0, L_000001e2290b9e70, C4<0>, C4<0>;
L_000001e229046570 .functor AND 1, L_000001e2290b9dd0, L_000001e2290b9e70, C4<1>, C4<1>;
v000001e2290401f0_0 .net "A", 0 0, L_000001e2290b9dd0;  alias, 1 drivers
v000001e229040330_0 .net "B", 0 0, L_000001e2290b9e70;  alias, 1 drivers
v000001e2290403d0_0 .net "cout", 0 0, L_000001e229046570;  alias, 1 drivers
v000001e229034030_0 .net "sum", 0 0, L_000001e229045e70;  alias, 1 drivers
S_000001e22900be70 .scope module, "ha2" "HA" 7 22, 8 2 0, S_000001e229019060;
 .timescale -9 -12;
    .port_info 0 /INPUT 1 "A";
    .port_info 1 /INPUT 1 "B";
    .port_info 2 /OUTPUT 1 "sum";
    .port_info 3 /OUTPUT 1 "cout";
L_000001e2290461f0 .functor XOR 1, L_000001e229045e70, L_000001e229046650, C4<0>, C4<0>;
L_000001e229045c40 .functor AND 1, L_000001e229045e70, L_000001e229046650, C4<1>, C4<1>;
v000001e2290aacf0_0 .net "A", 0 0, L_000001e229045e70;  alias, 1 drivers
v000001e2290aa070_0 .net "B", 0 0, L_000001e229046650;  alias, 1 drivers
v000001e2290aad90_0 .net "cout", 0 0, L_000001e229045c40;  alias, 1 drivers
v000001e2290aa890_0 .net "sum", 0 0, L_000001e2290461f0;  alias, 1 drivers
S_000001e2290160d0 .scope module, "FA3" "FA" 6 32, 7 3 0, S_000001e2290029d0;
 .timescale -9 -12;
    .port_info 0 /INPUT 1 "A";
    .port_info 1 /INPUT 1 "B";
    .port_info 2 /INPUT 1 "cin";
    .port_info 3 /OUTPUT 1 "sum";
    .port_info 4 /OUTPUT 1 "cout";
L_000001e2290465e0 .functor OR 1, L_000001e2290463b0, L_000001e229046490, C4<0>, C4<0>;
v000001e2290aaa70_0 .net "A", 0 0, L_000001e2290b9bf0;  1 drivers
v000001e2290ab150_0 .net "B", 0 0, L_000001e2290b9fb0;  1 drivers
v000001e2290aa610_0 .net "C1", 0 0, L_000001e2290463b0;  1 drivers
v000001e2290ab330_0 .net "C2", 0 0, L_000001e229046490;  1 drivers
v000001e2290a9fd0_0 .net "S1", 0 0, L_000001e229046260;  1 drivers
v000001e2290aaf70_0 .net "cin", 0 0, L_000001e2290466c0;  alias, 1 drivers
v000001e2290aabb0_0 .net "cout", 0 0, L_000001e2290465e0;  alias, 1 drivers
v000001e2290aa6b0_0 .net "sum", 0 0, L_000001e2290462d0;  1 drivers
S_000001e229016260 .scope module, "ha1" "HA" 7 15, 8 2 0, S_000001e2290160d0;
 .timescale -9 -12;
    .port_info 0 /INPUT 1 "A";
    .port_info 1 /INPUT 1 "B";
    .port_info 2 /OUTPUT 1 "sum";
    .port_info 3 /OUTPUT 1 "cout";
L_000001e229046260 .functor XOR 1, L_000001e2290b9bf0, L_000001e2290b9fb0, C4<0>, C4<0>;
L_000001e2290463b0 .functor AND 1, L_000001e2290b9bf0, L_000001e2290b9fb0, C4<1>, C4<1>;
v000001e2290a9a30_0 .net "A", 0 0, L_000001e2290b9bf0;  alias, 1 drivers
v000001e2290a97b0_0 .net "B", 0 0, L_000001e2290b9fb0;  alias, 1 drivers
v000001e2290a9b70_0 .net "cout", 0 0, L_000001e2290463b0;  alias, 1 drivers
v000001e2290aa750_0 .net "sum", 0 0, L_000001e229046260;  alias, 1 drivers
S_000001e229015980 .scope module, "ha2" "HA" 7 22, 8 2 0, S_000001e2290160d0;
 .timescale -9 -12;
    .port_info 0 /INPUT 1 "A";
    .port_info 1 /INPUT 1 "B";
    .port_info 2 /OUTPUT 1 "sum";
    .port_info 3 /OUTPUT 1 "cout";
L_000001e2290462d0 .functor XOR 1, L_000001e229046260, L_000001e2290466c0, C4<0>, C4<0>;
L_000001e229046490 .functor AND 1, L_000001e229046260, L_000001e2290466c0, C4<1>, C4<1>;
v000001e2290a9f30_0 .net "A", 0 0, L_000001e229046260;  alias, 1 drivers
v000001e2290ab3d0_0 .net "B", 0 0, L_000001e2290466c0;  alias, 1 drivers
v000001e2290aa250_0 .net "cout", 0 0, L_000001e229046490;  alias, 1 drivers
v000001e2290aa1b0_0 .net "sum", 0 0, L_000001e2290462d0;  alias, 1 drivers
S_000001e229015b10 .scope module, "FA4" "FA" 6 40, 7 3 0, S_000001e2290029d0;
 .timescale -9 -12;
    .port_info 0 /INPUT 1 "A";
    .port_info 1 /INPUT 1 "B";
    .port_info 2 /INPUT 1 "cin";
    .port_info 3 /OUTPUT 1 "sum";
    .port_info 4 /OUTPUT 1 "cout";
L_000001e229104c30 .functor OR 1, L_000001e229045cb0, L_000001e229104d80, C4<0>, C4<0>;
v000001e2290a9d50_0 .net "A", 0 0, L_000001e2290b8d90;  1 drivers
v000001e2290ab470_0 .net "B", 0 0, L_000001e2290b8110;  1 drivers
v000001e2290a9cb0_0 .net "C1", 0 0, L_000001e229045cb0;  1 drivers
v000001e2290aa390_0 .net "C2", 0 0, L_000001e229104d80;  1 drivers
v000001e2290ab510_0 .net "S1", 0 0, L_000001e229046730;  1 drivers
v000001e2290a9c10_0 .net "cin", 0 0, L_000001e2290465e0;  alias, 1 drivers
v000001e2290aa4d0_0 .net "cout", 0 0, L_000001e229104c30;  alias, 1 drivers
v000001e2290ab010_0 .net "sum", 0 0, L_000001e2291048b0;  1 drivers
S_000001e228fc2ce0 .scope module, "ha1" "HA" 7 15, 8 2 0, S_000001e229015b10;
 .timescale -9 -12;
    .port_info 0 /INPUT 1 "A";
    .port_info 1 /INPUT 1 "B";
    .port_info 2 /OUTPUT 1 "sum";
    .port_info 3 /OUTPUT 1 "cout";
L_000001e229046730 .functor XOR 1, L_000001e2290b8d90, L_000001e2290b8110, C4<0>, C4<0>;
L_000001e229045cb0 .functor AND 1, L_000001e2290b8d90, L_000001e2290b8110, C4<1>, C4<1>;
v000001e2290aa430_0 .net "A", 0 0, L_000001e2290b8d90;  alias, 1 drivers
v000001e2290ab1f0_0 .net "B", 0 0, L_000001e2290b8110;  alias, 1 drivers
v000001e2290aa2f0_0 .net "cout", 0 0, L_000001e229045cb0;  alias, 1 drivers
v000001e2290aae30_0 .net "sum", 0 0, L_000001e229046730;  alias, 1 drivers
S_000001e2290ac300 .scope module, "ha2" "HA" 7 22, 8 2 0, S_000001e229015b10;
 .timescale -9 -12;
    .port_info 0 /INPUT 1 "A";
    .port_info 1 /INPUT 1 "B";
    .port_info 2 /OUTPUT 1 "sum";
    .port_info 3 /OUTPUT 1 "cout";
L_000001e2291048b0 .functor XOR 1, L_000001e229046730, L_000001e2290465e0, C4<0>, C4<0>;
L_000001e229104d80 .functor AND 1, L_000001e229046730, L_000001e2290465e0, C4<1>, C4<1>;
v000001e2290aaed0_0 .net "A", 0 0, L_000001e229046730;  alias, 1 drivers
v000001e2290a9850_0 .net "B", 0 0, L_000001e2290465e0;  alias, 1 drivers
v000001e2290aa570_0 .net "cout", 0 0, L_000001e229104d80;  alias, 1 drivers
v000001e2290aac50_0 .net "sum", 0 0, L_000001e2291048b0;  alias, 1 drivers
S_000001e2290abfe0 .scope module, "u2_RCA_4bit" "RCA_4bit" 5 27, 6 3 0, S_000001e229002840;
 .timescale -9 -12;
    .port_info 0 /INPUT 4 "A";
    .port_info 1 /INPUT 4 "B";
    .port_info 2 /INPUT 1 "cin";
    .port_info 3 /OUTPUT 4 "sum";
    .port_info 4 /OUTPUT 1 "cout";
    .port_info 5 /OUTPUT 1 "carry_into_last_bit";
L_000001e229104140 .functor BUFZ 1, L_000001e229104ca0, C4<0>, C4<0>, C4<0>;
v000001e2290b38a0_0 .net "A", 3 0, L_000001e229106870;  1 drivers
v000001e2290b24a0_0 .net "B", 3 0, L_000001e229106550;  1 drivers
v000001e2290b27c0_0 .net "c1", 0 0, L_000001e229104e60;  1 drivers
v000001e2290b39e0_0 .net "c2", 0 0, L_000001e229104530;  1 drivers
v000001e2290b2e00_0 .net "c3", 0 0, L_000001e229104ca0;  1 drivers
v000001e2290b2540_0 .net "carry_into_last_bit", 0 0, L_000001e229104140;  alias, 1 drivers
v000001e2290b33a0_0 .net "cin", 0 0, L_000001e229104c30;  alias, 1 drivers
v000001e2290b34e0_0 .net "cout", 0 0, L_000001e229104990;  alias, 1 drivers
v000001e2290b2ea0_0 .net "sum", 3 0, L_000001e2290b8890;  1 drivers
L_000001e2290b8930 .part L_000001e229106870, 0, 1;
L_000001e2290b82f0 .part L_000001e229106550, 0, 1;
L_000001e2290b8430 .part L_000001e229106870, 1, 1;
L_000001e2290b84d0 .part L_000001e229106550, 1, 1;
L_000001e2290b8570 .part L_000001e229106870, 2, 1;
L_000001e2290b8610 .part L_000001e229106550, 2, 1;
L_000001e2290b86b0 .part L_000001e229106870, 3, 1;
L_000001e2290b87f0 .part L_000001e229106550, 3, 1;
L_000001e2290b8890 .concat8 [ 1 1 1 1], L_000001e2291047d0, L_000001e229104b50, L_000001e229104760, L_000001e229104ed0;
S_000001e2290ac170 .scope module, "FA1" "FA" 6 16, 7 3 0, S_000001e2290abfe0;
 .timescale -9 -12;
    .port_info 0 /INPUT 1 "A";
    .port_info 1 /INPUT 1 "B";
    .port_info 2 /INPUT 1 "cin";
    .port_info 3 /OUTPUT 1 "sum";
    .port_info 4 /OUTPUT 1 "cout";
L_000001e229104e60 .functor OR 1, L_000001e229104290, L_000001e229104d10, C4<0>, C4<0>;
v000001e2290acb90_0 .net "A", 0 0, L_000001e2290b8930;  1 drivers
v000001e2290ac910_0 .net "B", 0 0, L_000001e2290b82f0;  1 drivers
v000001e2290acc30_0 .net "C1", 0 0, L_000001e229104290;  1 drivers
v000001e2290ada90_0 .net "C2", 0 0, L_000001e229104d10;  1 drivers
v000001e2290acd70_0 .net "S1", 0 0, L_000001e229104df0;  1 drivers
v000001e2290ae170_0 .net "cin", 0 0, L_000001e229104c30;  alias, 1 drivers
v000001e2290ace10_0 .net "cout", 0 0, L_000001e229104e60;  alias, 1 drivers
v000001e2290adc70_0 .net "sum", 0 0, L_000001e2291047d0;  1 drivers
S_000001e2290abb30 .scope module, "ha1" "HA" 7 15, 8 2 0, S_000001e2290ac170;
 .timescale -9 -12;
    .port_info 0 /INPUT 1 "A";
    .port_info 1 /INPUT 1 "B";
    .port_info 2 /OUTPUT 1 "sum";
    .port_info 3 /OUTPUT 1 "cout";
L_000001e229104df0 .functor XOR 1, L_000001e2290b8930, L_000001e2290b82f0, C4<0>, C4<0>;
L_000001e229104290 .functor AND 1, L_000001e2290b8930, L_000001e2290b82f0, C4<1>, C4<1>;
v000001e2290ae530_0 .net "A", 0 0, L_000001e2290b8930;  alias, 1 drivers
v000001e2290addb0_0 .net "B", 0 0, L_000001e2290b82f0;  alias, 1 drivers
v000001e2290accd0_0 .net "cout", 0 0, L_000001e229104290;  alias, 1 drivers
v000001e2290ae490_0 .net "sum", 0 0, L_000001e229104df0;  alias, 1 drivers
S_000001e2290abcc0 .scope module, "ha2" "HA" 7 22, 8 2 0, S_000001e2290ac170;
 .timescale -9 -12;
    .port_info 0 /INPUT 1 "A";
    .port_info 1 /INPUT 1 "B";
    .port_info 2 /OUTPUT 1 "sum";
    .port_info 3 /OUTPUT 1 "cout";
L_000001e2291047d0 .functor XOR 1, L_000001e229104df0, L_000001e229104c30, C4<0>, C4<0>;
L_000001e229104d10 .functor AND 1, L_000001e229104df0, L_000001e229104c30, C4<1>, C4<1>;
v000001e2290ac7d0_0 .net "A", 0 0, L_000001e229104df0;  alias, 1 drivers
v000001e2290adef0_0 .net "B", 0 0, L_000001e229104c30;  alias, 1 drivers
v000001e2290ae350_0 .net "cout", 0 0, L_000001e229104d10;  alias, 1 drivers
v000001e2290ac870_0 .net "sum", 0 0, L_000001e2291047d0;  alias, 1 drivers
S_000001e2290ac490 .scope module, "FA2" "FA" 6 24, 7 3 0, S_000001e2290abfe0;
 .timescale -9 -12;
    .port_info 0 /INPUT 1 "A";
    .port_info 1 /INPUT 1 "B";
    .port_info 2 /INPUT 1 "cin";
    .port_info 3 /OUTPUT 1 "sum";
    .port_info 4 /OUTPUT 1 "cout";
L_000001e229104530 .functor OR 1, L_000001e229104610, L_000001e229104a70, C4<0>, C4<0>;
v000001e2290ade50_0 .net "A", 0 0, L_000001e2290b8430;  1 drivers
v000001e2290acff0_0 .net "B", 0 0, L_000001e2290b84d0;  1 drivers
v000001e2290ad1d0_0 .net "C1", 0 0, L_000001e229104610;  1 drivers
v000001e2290ad8b0_0 .net "C2", 0 0, L_000001e229104a70;  1 drivers
v000001e2290ae3f0_0 .net "S1", 0 0, L_000001e2291043e0;  1 drivers
v000001e2290ad090_0 .net "cin", 0 0, L_000001e229104e60;  alias, 1 drivers
v000001e2290ad6d0_0 .net "cout", 0 0, L_000001e229104530;  alias, 1 drivers
v000001e2290adf90_0 .net "sum", 0 0, L_000001e229104b50;  1 drivers
S_000001e2290ab680 .scope module, "ha1" "HA" 7 15, 8 2 0, S_000001e2290ac490;
 .timescale -9 -12;
    .port_info 0 /INPUT 1 "A";
    .port_info 1 /INPUT 1 "B";
    .port_info 2 /OUTPUT 1 "sum";
    .port_info 3 /OUTPUT 1 "cout";
L_000001e2291043e0 .functor XOR 1, L_000001e2290b8430, L_000001e2290b84d0, C4<0>, C4<0>;
L_000001e229104610 .functor AND 1, L_000001e2290b8430, L_000001e2290b84d0, C4<1>, C4<1>;
v000001e2290ad590_0 .net "A", 0 0, L_000001e2290b8430;  alias, 1 drivers
v000001e2290ad770_0 .net "B", 0 0, L_000001e2290b84d0;  alias, 1 drivers
v000001e2290aceb0_0 .net "cout", 0 0, L_000001e229104610;  alias, 1 drivers
v000001e2290ac9b0_0 .net "sum", 0 0, L_000001e2291043e0;  alias, 1 drivers
S_000001e2290ab810 .scope module, "ha2" "HA" 7 22, 8 2 0, S_000001e2290ac490;
 .timescale -9 -12;
    .port_info 0 /INPUT 1 "A";
    .port_info 1 /INPUT 1 "B";
    .port_info 2 /OUTPUT 1 "sum";
    .port_info 3 /OUTPUT 1 "cout";
L_000001e229104b50 .functor XOR 1, L_000001e2291043e0, L_000001e229104e60, C4<0>, C4<0>;
L_000001e229104a70 .functor AND 1, L_000001e2291043e0, L_000001e229104e60, C4<1>, C4<1>;
v000001e2290adbd0_0 .net "A", 0 0, L_000001e2291043e0;  alias, 1 drivers
v000001e2290ad450_0 .net "B", 0 0, L_000001e229104e60;  alias, 1 drivers
v000001e2290adb30_0 .net "cout", 0 0, L_000001e229104a70;  alias, 1 drivers
v000001e2290acf50_0 .net "sum", 0 0, L_000001e229104b50;  alias, 1 drivers
S_000001e2290ab9a0 .scope module, "FA3" "FA" 6 32, 7 3 0, S_000001e2290abfe0;
 .timescale -9 -12;
    .port_info 0 /INPUT 1 "A";
    .port_info 1 /INPUT 1 "B";
    .port_info 2 /INPUT 1 "cin";
    .port_info 3 /OUTPUT 1 "sum";
    .port_info 4 /OUTPUT 1 "cout";
L_000001e229104ca0 .functor OR 1, L_000001e229104bc0, L_000001e229104300, C4<0>, C4<0>;
v000001e2290ae210_0 .net "A", 0 0, L_000001e2290b8570;  1 drivers
v000001e2290ac690_0 .net "B", 0 0, L_000001e2290b8610;  1 drivers
v000001e2290ae2b0_0 .net "C1", 0 0, L_000001e229104bc0;  1 drivers
v000001e2290ad630_0 .net "C2", 0 0, L_000001e229104300;  1 drivers
v000001e2290ac730_0 .net "S1", 0 0, L_000001e229104840;  1 drivers
v000001e2290aca50_0 .net "cin", 0 0, L_000001e229104530;  alias, 1 drivers
v000001e2290acaf0_0 .net "cout", 0 0, L_000001e229104ca0;  alias, 1 drivers
v000001e2290b2fe0_0 .net "sum", 0 0, L_000001e229104760;  1 drivers
S_000001e2290abe50 .scope module, "ha1" "HA" 7 15, 8 2 0, S_000001e2290ab9a0;
 .timescale -9 -12;
    .port_info 0 /INPUT 1 "A";
    .port_info 1 /INPUT 1 "B";
    .port_info 2 /OUTPUT 1 "sum";
    .port_info 3 /OUTPUT 1 "cout";
L_000001e229104840 .functor XOR 1, L_000001e2290b8570, L_000001e2290b8610, C4<0>, C4<0>;
L_000001e229104bc0 .functor AND 1, L_000001e2290b8570, L_000001e2290b8610, C4<1>, C4<1>;
v000001e2290ad4f0_0 .net "A", 0 0, L_000001e2290b8570;  alias, 1 drivers
v000001e2290ad810_0 .net "B", 0 0, L_000001e2290b8610;  alias, 1 drivers
v000001e2290ae030_0 .net "cout", 0 0, L_000001e229104bc0;  alias, 1 drivers
v000001e2290ad130_0 .net "sum", 0 0, L_000001e229104840;  alias, 1 drivers
S_000001e2290b19d0 .scope module, "ha2" "HA" 7 22, 8 2 0, S_000001e2290ab9a0;
 .timescale -9 -12;
    .port_info 0 /INPUT 1 "A";
    .port_info 1 /INPUT 1 "B";
    .port_info 2 /OUTPUT 1 "sum";
    .port_info 3 /OUTPUT 1 "cout";
L_000001e229104760 .functor XOR 1, L_000001e229104840, L_000001e229104530, C4<0>, C4<0>;
L_000001e229104300 .functor AND 1, L_000001e229104840, L_000001e229104530, C4<1>, C4<1>;
v000001e2290ad9f0_0 .net "A", 0 0, L_000001e229104840;  alias, 1 drivers
v000001e2290ad270_0 .net "B", 0 0, L_000001e229104530;  alias, 1 drivers
v000001e2290ad310_0 .net "cout", 0 0, L_000001e229104300;  alias, 1 drivers
v000001e2290ae0d0_0 .net "sum", 0 0, L_000001e229104760;  alias, 1 drivers
S_000001e2290b1070 .scope module, "FA4" "FA" 6 40, 7 3 0, S_000001e2290abfe0;
 .timescale -9 -12;
    .port_info 0 /INPUT 1 "A";
    .port_info 1 /INPUT 1 "B";
    .port_info 2 /INPUT 1 "cin";
    .port_info 3 /OUTPUT 1 "sum";
    .port_info 4 /OUTPUT 1 "cout";
L_000001e229104990 .functor OR 1, L_000001e229104920, L_000001e229104fb0, C4<0>, C4<0>;
v000001e2290b3260_0 .net "A", 0 0, L_000001e2290b86b0;  1 drivers
v000001e2290b3940_0 .net "B", 0 0, L_000001e2290b87f0;  1 drivers
v000001e2290b3e40_0 .net "C1", 0 0, L_000001e229104920;  1 drivers
v000001e2290b3c60_0 .net "C2", 0 0, L_000001e229104fb0;  1 drivers
v000001e2290b2d60_0 .net "S1", 0 0, L_000001e229105020;  1 drivers
v000001e2290b3760_0 .net "cin", 0 0, L_000001e229104ca0;  alias, 1 drivers
v000001e2290b3300_0 .net "cout", 0 0, L_000001e229104990;  alias, 1 drivers
v000001e2290b3580_0 .net "sum", 0 0, L_000001e229104ed0;  1 drivers
S_000001e2290b1200 .scope module, "ha1" "HA" 7 15, 8 2 0, S_000001e2290b1070;
 .timescale -9 -12;
    .port_info 0 /INPUT 1 "A";
    .port_info 1 /INPUT 1 "B";
    .port_info 2 /OUTPUT 1 "sum";
    .port_info 3 /OUTPUT 1 "cout";
L_000001e229105020 .functor XOR 1, L_000001e2290b86b0, L_000001e2290b87f0, C4<0>, C4<0>;
L_000001e229104920 .functor AND 1, L_000001e2290b86b0, L_000001e2290b87f0, C4<1>, C4<1>;
v000001e2290b3080_0 .net "A", 0 0, L_000001e2290b86b0;  alias, 1 drivers
v000001e2290b3440_0 .net "B", 0 0, L_000001e2290b87f0;  alias, 1 drivers
v000001e2290b3120_0 .net "cout", 0 0, L_000001e229104920;  alias, 1 drivers
v000001e2290b3b20_0 .net "sum", 0 0, L_000001e229105020;  alias, 1 drivers
S_000001e2290b0710 .scope module, "ha2" "HA" 7 22, 8 2 0, S_000001e2290b1070;
 .timescale -9 -12;
    .port_info 0 /INPUT 1 "A";
    .port_info 1 /INPUT 1 "B";
    .port_info 2 /OUTPUT 1 "sum";
    .port_info 3 /OUTPUT 1 "cout";
L_000001e229104ed0 .functor XOR 1, L_000001e229105020, L_000001e229104ca0, C4<0>, C4<0>;
L_000001e229104fb0 .functor AND 1, L_000001e229105020, L_000001e229104ca0, C4<1>, C4<1>;
v000001e2290b3bc0_0 .net "A", 0 0, L_000001e229105020;  alias, 1 drivers
v000001e2290b31c0_0 .net "B", 0 0, L_000001e229104ca0;  alias, 1 drivers
v000001e2290b3da0_0 .net "cout", 0 0, L_000001e229104fb0;  alias, 1 drivers
v000001e2290b2ae0_0 .net "sum", 0 0, L_000001e229104ed0;  alias, 1 drivers
S_000001e2290b00d0 .scope module, "u2" "logical_unit" 3 53, 9 3 0, S_000001e229004830;
 .timescale -9 -12;
    .port_info 0 /INPUT 8 "A";
    .port_info 1 /INPUT 8 "B";
    .port_info 2 /INPUT 2 "opcode";
    .port_info 3 /OUTPUT 8 "result";
v000001e2290b2c20_0 .net "A", 7 0, v000001e2290b9d30_0;  alias, 1 drivers
v000001e2290b2400_0 .net "B", 7 0, v000001e2290b9010_0;  alias, 1 drivers
v000001e2290b2b80_0 .net "opcode", 1 0, v000001e2290b9f10_0;  1 drivers
v000001e2290b25e0_0 .var "result", 7 0;
E_000001e22904b450 .event anyedge, v000001e2290b2b80_0, v000001e2290b3ee0_0, v000001e2290b2180_0;
S_000001e2290b1b60 .scope module, "u3" "shift_unit" 3 60, 10 3 0, S_000001e229004830;
 .timescale -9 -12;
    .port_info 0 /INPUT 8 "A";
    .port_info 1 /INPUT 1 "shift_op";
    .port_info 2 /OUTPUT 8 "result";
    .port_info 3 /OUTPUT 1 "shift_carry";
v000001e2290b2f40_0 .net "A", 7 0, v000001e2290b9d30_0;  alias, 1 drivers
v000001e2290b2680_0 .var "result", 7 0;
v000001e2290b2720_0 .var "shift_carry", 0 0;
v000001e2290b2a40_0 .net "shift_op", 0 0, L_000001e2290b8a70;  alias, 1 drivers
E_000001e22904aa10 .event anyedge, v000001e2290b2a40_0, v000001e2290b3ee0_0;
    .scope S_000001e2290b00d0;
T_0 ;
    %wait E_000001e22904b450;
    %load/vec4 v000001e2290b2b80_0;
    %dup/vec4;
    %pushi/vec4 0, 0, 2;
    %cmp/u;
    %jmp/1 T_0.0, 6;
    %dup/vec4;
    %pushi/vec4 1, 0, 2;
    %cmp/u;
    %jmp/1 T_0.1, 6;
    %dup/vec4;
    %pushi/vec4 2, 0, 2;
    %cmp/u;
    %jmp/1 T_0.2, 6;
    %dup/vec4;
    %pushi/vec4 3, 0, 2;
    %cmp/u;
    %jmp/1 T_0.3, 6;
    %pushi/vec4 0, 0, 8;
    %store/vec4 v000001e2290b25e0_0, 0, 8;
    %jmp T_0.5;
T_0.0 ;
    %load/vec4 v000001e2290b2c20_0;
    %load/vec4 v000001e2290b2400_0;
    %and;
    %store/vec4 v000001e2290b25e0_0, 0, 8;
    %jmp T_0.5;
T_0.1 ;
    %load/vec4 v000001e2290b2c20_0;
    %load/vec4 v000001e2290b2400_0;
    %or;
    %store/vec4 v000001e2290b25e0_0, 0, 8;
    %jmp T_0.5;
T_0.2 ;
    %load/vec4 v000001e2290b2c20_0;
    %load/vec4 v000001e2290b2400_0;
    %xor;
    %store/vec4 v000001e2290b25e0_0, 0, 8;
    %jmp T_0.5;
T_0.3 ;
    %load/vec4 v000001e2290b2c20_0;
    %load/vec4 v000001e2290b2400_0;
    %and;
    %inv;
    %store/vec4 v000001e2290b25e0_0, 0, 8;
    %jmp T_0.5;
T_0.5 ;
    %pop/vec4 1;
    %jmp T_0;
    .thread T_0, $push;
    .scope S_000001e2290b1b60;
T_1 ;
    %wait E_000001e22904aa10;
    %load/vec4 v000001e2290b2a40_0;
    %dup/vec4;
    %pushi/vec4 0, 0, 1;
    %cmp/u;
    %jmp/1 T_1.0, 6;
    %dup/vec4;
    %pushi/vec4 1, 0, 1;
    %cmp/u;
    %jmp/1 T_1.1, 6;
    %pushi/vec4 0, 0, 8;
    %store/vec4 v000001e2290b2680_0, 0, 8;
    %pushi/vec4 0, 0, 1;
    %store/vec4 v000001e2290b2720_0, 0, 1;
    %jmp T_1.3;
T_1.0 ;
    %load/vec4 v000001e2290b2f40_0;
    %parti/s 1, 6, 4;
    %ix/load 4, 7, 0;
    %flag_set/imm 4, 0;
    %store/vec4 v000001e2290b2680_0, 4, 1;
    %load/vec4 v000001e2290b2f40_0;
    %parti/s 1, 5, 4;
    %ix/load 4, 6, 0;
    %flag_set/imm 4, 0;
    %store/vec4 v000001e2290b2680_0, 4, 1;
    %load/vec4 v000001e2290b2f40_0;
    %parti/s 1, 4, 4;
    %ix/load 4, 5, 0;
    %flag_set/imm 4, 0;
    %store/vec4 v000001e2290b2680_0, 4, 1;
    %load/vec4 v000001e2290b2f40_0;
    %parti/s 1, 3, 3;
    %ix/load 4, 4, 0;
    %flag_set/imm 4, 0;
    %store/vec4 v000001e2290b2680_0, 4, 1;
    %load/vec4 v000001e2290b2f40_0;
    %parti/s 1, 2, 3;
    %ix/load 4, 3, 0;
    %flag_set/imm 4, 0;
    %store/vec4 v000001e2290b2680_0, 4, 1;
    %load/vec4 v000001e2290b2f40_0;
    %parti/s 1, 1, 2;
    %ix/load 4, 2, 0;
    %flag_set/imm 4, 0;
    %store/vec4 v000001e2290b2680_0, 4, 1;
    %load/vec4 v000001e2290b2f40_0;
    %parti/s 1, 0, 2;
    %ix/load 4, 1, 0;
    %flag_set/imm 4, 0;
    %store/vec4 v000001e2290b2680_0, 4, 1;
    %pushi/vec4 0, 0, 1;
    %ix/load 4, 0, 0;
    %flag_set/imm 4, 0;
    %store/vec4 v000001e2290b2680_0, 4, 1;
    %load/vec4 v000001e2290b2f40_0;
    %parti/s 1, 7, 4;
    %store/vec4 v000001e2290b2720_0, 0, 1;
    %jmp T_1.3;
T_1.1 ;
    %pushi/vec4 0, 0, 1;
    %ix/load 4, 7, 0;
    %flag_set/imm 4, 0;
    %store/vec4 v000001e2290b2680_0, 4, 1;
    %load/vec4 v000001e2290b2f40_0;
    %parti/s 1, 7, 4;
    %ix/load 4, 6, 0;
    %flag_set/imm 4, 0;
    %store/vec4 v000001e2290b2680_0, 4, 1;
    %load/vec4 v000001e2290b2f40_0;
    %parti/s 1, 6, 4;
    %ix/load 4, 5, 0;
    %flag_set/imm 4, 0;
    %store/vec4 v000001e2290b2680_0, 4, 1;
    %load/vec4 v000001e2290b2f40_0;
    %parti/s 1, 5, 4;
    %ix/load 4, 4, 0;
    %flag_set/imm 4, 0;
    %store/vec4 v000001e2290b2680_0, 4, 1;
    %load/vec4 v000001e2290b2f40_0;
    %parti/s 1, 4, 4;
    %ix/load 4, 3, 0;
    %flag_set/imm 4, 0;
    %store/vec4 v000001e2290b2680_0, 4, 1;
    %load/vec4 v000001e2290b2f40_0;
    %parti/s 1, 3, 3;
    %ix/load 4, 2, 0;
    %flag_set/imm 4, 0;
    %store/vec4 v000001e2290b2680_0, 4, 1;
    %load/vec4 v000001e2290b2f40_0;
    %parti/s 1, 2, 3;
    %ix/load 4, 1, 0;
    %flag_set/imm 4, 0;
    %store/vec4 v000001e2290b2680_0, 4, 1;
    %load/vec4 v000001e2290b2f40_0;
    %parti/s 1, 1, 2;
    %ix/load 4, 0, 0;
    %flag_set/imm 4, 0;
    %store/vec4 v000001e2290b2680_0, 4, 1;
    %load/vec4 v000001e2290b2f40_0;
    %parti/s 1, 0, 2;
    %store/vec4 v000001e2290b2720_0, 0, 1;
    %jmp T_1.3;
T_1.3 ;
    %pop/vec4 1;
    %jmp T_1;
    .thread T_1, $push;
    .scope S_000001e229004830;
T_2 ;
    %wait E_000001e22904aa90;
    %load/vec4 v000001e2290b8cf0_0;
    %dup/vec4;
    %pushi/vec4 2, 0, 3;
    %cmp/u;
    %jmp/1 T_2.0, 6;
    %dup/vec4;
    %pushi/vec4 3, 0, 3;
    %cmp/u;
    %jmp/1 T_2.1, 6;
    %dup/vec4;
    %pushi/vec4 4, 0, 3;
    %cmp/u;
    %jmp/1 T_2.2, 6;
    %dup/vec4;
    %pushi/vec4 5, 0, 3;
    %cmp/u;
    %jmp/1 T_2.3, 6;
    %pushi/vec4 0, 0, 2;
    %store/vec4 v000001e2290b9f10_0, 0, 2;
    %jmp T_2.5;
T_2.0 ;
    %pushi/vec4 0, 0, 2;
    %store/vec4 v000001e2290b9f10_0, 0, 2;
    %jmp T_2.5;
T_2.1 ;
    %pushi/vec4 1, 0, 2;
    %store/vec4 v000001e2290b9f10_0, 0, 2;
    %jmp T_2.5;
T_2.2 ;
    %pushi/vec4 2, 0, 2;
    %store/vec4 v000001e2290b9f10_0, 0, 2;
    %jmp T_2.5;
T_2.3 ;
    %pushi/vec4 3, 0, 2;
    %store/vec4 v000001e2290b9f10_0, 0, 2;
    %jmp T_2.5;
T_2.5 ;
    %pop/vec4 1;
    %jmp T_2;
    .thread T_2, $push;
    .scope S_000001e229004830;
T_3 ;
    %wait E_000001e2290495d0;
    %load/vec4 v000001e2290b8cf0_0;
    %dup/vec4;
    %pushi/vec4 0, 0, 3;
    %cmp/u;
    %jmp/1 T_3.0, 6;
    %dup/vec4;
    %pushi/vec4 1, 0, 3;
    %cmp/u;
    %jmp/1 T_3.1, 6;
    %dup/vec4;
    %pushi/vec4 2, 0, 3;
    %cmp/u;
    %jmp/1 T_3.2, 6;
    %dup/vec4;
    %pushi/vec4 3, 0, 3;
    %cmp/u;
    %jmp/1 T_3.3, 6;
    %dup/vec4;
    %pushi/vec4 4, 0, 3;
    %cmp/u;
    %jmp/1 T_3.4, 6;
    %dup/vec4;
    %pushi/vec4 5, 0, 3;
    %cmp/u;
    %jmp/1 T_3.5, 6;
    %dup/vec4;
    %pushi/vec4 6, 0, 3;
    %cmp/u;
    %jmp/1 T_3.6, 6;
    %dup/vec4;
    %pushi/vec4 7, 0, 3;
    %cmp/u;
    %jmp/1 T_3.7, 6;
    %pushi/vec4 0, 0, 8;
    %store/vec4 v000001e2290b96f0_0, 0, 8;
    %pushi/vec4 0, 0, 1;
    %store/vec4 v000001e2290b9510_0, 0, 1;
    %pushi/vec4 0, 0, 1;
    %store/vec4 v000001e2290b95b0_0, 0, 1;
    %jmp T_3.9;
T_3.0 ;
    %load/vec4 v000001e2290b8e30_0;
    %store/vec4 v000001e2290b96f0_0, 0, 8;
    %load/vec4 v000001e2290b91f0_0;
    %store/vec4 v000001e2290b9510_0, 0, 1;
    %load/vec4 v000001e2290b9830_0;
    %store/vec4 v000001e2290b95b0_0, 0, 1;
    %jmp T_3.9;
T_3.1 ;
    %load/vec4 v000001e2290b8e30_0;
    %store/vec4 v000001e2290b96f0_0, 0, 8;
    %load/vec4 v000001e2290b91f0_0;
    %store/vec4 v000001e2290b9510_0, 0, 1;
    %load/vec4 v000001e2290b9830_0;
    %store/vec4 v000001e2290b95b0_0, 0, 1;
    %jmp T_3.9;
T_3.2 ;
    %load/vec4 v000001e2290b8390_0;
    %store/vec4 v000001e2290b96f0_0, 0, 8;
    %pushi/vec4 0, 0, 1;
    %store/vec4 v000001e2290b9510_0, 0, 1;
    %pushi/vec4 0, 0, 1;
    %store/vec4 v000001e2290b95b0_0, 0, 1;
    %jmp T_3.9;
T_3.3 ;
    %load/vec4 v000001e2290b8390_0;
    %store/vec4 v000001e2290b96f0_0, 0, 8;
    %pushi/vec4 0, 0, 1;
    %store/vec4 v000001e2290b9510_0, 0, 1;
    %pushi/vec4 0, 0, 1;
    %store/vec4 v000001e2290b95b0_0, 0, 1;
    %jmp T_3.9;
T_3.4 ;
    %load/vec4 v000001e2290b8390_0;
    %store/vec4 v000001e2290b96f0_0, 0, 8;
    %pushi/vec4 0, 0, 1;
    %store/vec4 v000001e2290b9510_0, 0, 1;
    %pushi/vec4 0, 0, 1;
    %store/vec4 v000001e2290b95b0_0, 0, 1;
    %jmp T_3.9;
T_3.5 ;
    %load/vec4 v000001e2290b8390_0;
    %store/vec4 v000001e2290b96f0_0, 0, 8;
    %pushi/vec4 0, 0, 1;
    %store/vec4 v000001e2290b9510_0, 0, 1;
    %pushi/vec4 0, 0, 1;
    %store/vec4 v000001e2290b95b0_0, 0, 1;
    %jmp T_3.9;
T_3.6 ;
    %load/vec4 v000001e2290b8b10_0;
    %store/vec4 v000001e2290b96f0_0, 0, 8;
    %load/vec4 v000001e2290b8c50_0;
    %store/vec4 v000001e2290b9510_0, 0, 1;
    %pushi/vec4 0, 0, 1;
    %store/vec4 v000001e2290b95b0_0, 0, 1;
    %jmp T_3.9;
T_3.7 ;
    %load/vec4 v000001e2290b8b10_0;
    %store/vec4 v000001e2290b96f0_0, 0, 8;
    %load/vec4 v000001e2290b8c50_0;
    %store/vec4 v000001e2290b9510_0, 0, 1;
    %pushi/vec4 0, 0, 1;
    %store/vec4 v000001e2290b95b0_0, 0, 1;
    %jmp T_3.9;
T_3.9 ;
    %pop/vec4 1;
    %jmp T_3;
    .thread T_3, $push;
    .scope S_000001e229051220;
T_4 ;
    %vpi_call 2 27 "$dumpfile", "wave/alu.vcd" {0 0 0};
    %vpi_call 2 28 "$dumpvars", 32'sb00000000000000000000000000000000, S_000001e229051220 {0 0 0};
    %pushi/vec4 5, 0, 8;
    %store/vec4 v000001e2290b9d30_0, 0, 8;
    %pushi/vec4 15, 0, 8;
    %store/vec4 v000001e2290b9010_0, 0, 8;
    %pushi/vec4 0, 0, 3;
    %store/vec4 v000001e2290b8f70_0, 0, 3;
    %delay 10000, 0;
    %pushi/vec4 127, 0, 8;
    %store/vec4 v000001e2290b9d30_0, 0, 8;
    %pushi/vec4 1, 0, 8;
    %store/vec4 v000001e2290b9010_0, 0, 8;
    %pushi/vec4 0, 0, 3;
    %store/vec4 v000001e2290b8f70_0, 0, 3;
    %delay 10000, 0;
    %pushi/vec4 15, 0, 8;
    %store/vec4 v000001e2290b9d30_0, 0, 8;
    %pushi/vec4 10, 0, 8;
    %store/vec4 v000001e2290b9010_0, 0, 8;
    %pushi/vec4 1, 0, 3;
    %store/vec4 v000001e2290b8f70_0, 0, 3;
    %delay 10000, 0;
    %pushi/vec4 15, 0, 8;
    %store/vec4 v000001e2290b9d30_0, 0, 8;
    %pushi/vec4 10, 0, 8;
    %store/vec4 v000001e2290b9010_0, 0, 8;
    %pushi/vec4 2, 0, 3;
    %store/vec4 v000001e2290b8f70_0, 0, 3;
    %delay 10000, 0;
    %pushi/vec4 15, 0, 8;
    %store/vec4 v000001e2290b9d30_0, 0, 8;
    %pushi/vec4 10, 0, 8;
    %store/vec4 v000001e2290b9010_0, 0, 8;
    %pushi/vec4 3, 0, 3;
    %store/vec4 v000001e2290b8f70_0, 0, 3;
    %delay 10000, 0;
    %pushi/vec4 15, 0, 8;
    %store/vec4 v000001e2290b9d30_0, 0, 8;
    %pushi/vec4 10, 0, 8;
    %store/vec4 v000001e2290b9010_0, 0, 8;
    %pushi/vec4 4, 0, 3;
    %store/vec4 v000001e2290b8f70_0, 0, 3;
    %delay 10000, 0;
    %pushi/vec4 15, 0, 8;
    %store/vec4 v000001e2290b9d30_0, 0, 8;
    %pushi/vec4 10, 0, 8;
    %store/vec4 v000001e2290b9010_0, 0, 8;
    %pushi/vec4 5, 0, 3;
    %store/vec4 v000001e2290b8f70_0, 0, 3;
    %delay 10000, 0;
    %pushi/vec4 15, 0, 8;
    %store/vec4 v000001e2290b9d30_0, 0, 8;
    %pushi/vec4 6, 0, 3;
    %store/vec4 v000001e2290b8f70_0, 0, 3;
    %delay 10000, 0;
    %pushi/vec4 15, 0, 8;
    %store/vec4 v000001e2290b9d30_0, 0, 8;
    %pushi/vec4 7, 0, 3;
    %store/vec4 v000001e2290b8f70_0, 0, 3;
    %delay 10000, 0;
    %vpi_call 2 82 "$finish" {0 0 0};
    %end;
    .thread T_4;
# The file index is used to find the file name in the following table.
:file_names 11;
    "N/A";
    "<interactive>";
    "tb/alu_TB.v";
    "rtl/alu.v";
    "rtl/arithmetic_unit.v";
    "rtl/ripple_adder_8bit.v";
    "rtl/ripple_adder_4bit.v";
    "rtl/full_adder.v";
    "rtl/half_adder.v";
    "rtl/logical_unit.v";
    "rtl/shift_unit.v";
