#! /c/Source/iverilog-install/bin/vvp
:ivl_version "12.0 (devel)" "(s20150603-1539-g2693dd32b)";
:ivl_delay_selection "TYPICAL";
:vpi_time_precision - 12;
:vpi_module "C:\iverilog\lib\ivl\system.vpi";
:vpi_module "C:\iverilog\lib\ivl\vhdl_sys.vpi";
:vpi_module "C:\iverilog\lib\ivl\vhdl_textio.vpi";
:vpi_module "C:\iverilog\lib\ivl\v2005_math.vpi";
:vpi_module "C:\iverilog\lib\ivl\va_math.vpi";
S_0000027ec8889ef0 .scope module, "arithmetic_unit_TB" "arithmetic_unit_TB" 2 3;
 .timescale -9 -12;
v0000027ec88e4390_0 .var "A", 7 0;
v0000027ec88e49d0_0 .var "B", 7 0;
v0000027ec88e4a70_0 .net "cout", 0 0, L_0000027ec88e5bc0;  1 drivers
v0000027ec88e3d50_0 .net "overflow", 0 0, L_0000027ec88e5060;  1 drivers
v0000027ec88e4c50_0 .net "result", 7 0, L_0000027ec88e5dd0;  1 drivers
v0000027ec88e3710_0 .var "sub", 0 0;
S_0000027ec88627b0 .scope module, "dut" "arithmetic_unit" 2 12, 3 3 0, S_0000027ec8889ef0;
 .timescale -9 -12;
    .port_info 0 /INPUT 8 "A";
    .port_info 1 /INPUT 8 "B";
    .port_info 2 /INPUT 1 "sub";
    .port_info 3 /OUTPUT 8 "result";
    .port_info 4 /OUTPUT 1 "cout";
    .port_info 5 /OUTPUT 1 "overflow";
L_0000027ec8885b50 .functor XOR 8, v0000027ec88e49d0_0, L_0000027ec88e3990, C4<00000000>, C4<00000000>;
L_0000027ec88e5060 .functor XOR 1, L_0000027ec88e5bc0, L_0000027ec88e4ea0, C4<0>, C4<0>;
v0000027ec88e42f0_0 .net "A", 7 0, v0000027ec88e4390_0;  1 drivers
v0000027ec88e4610_0 .net "B", 7 0, v0000027ec88e49d0_0;  1 drivers
v0000027ec88e2ef0_0 .net *"_ivl_0", 7 0, L_0000027ec88e3990;  1 drivers
v0000027ec88e4890_0 .net "carry_into_msb", 0 0, L_0000027ec88e4ea0;  1 drivers
v0000027ec88e3c10_0 .net "cout", 0 0, L_0000027ec88e5bc0;  alias, 1 drivers
v0000027ec88e3df0_0 .net "mod_b", 7 0, L_0000027ec8885b50;  1 drivers
v0000027ec88e2f90_0 .net "overflow", 0 0, L_0000027ec88e5060;  alias, 1 drivers
v0000027ec88e4930_0 .net "result", 7 0, L_0000027ec88e5dd0;  alias, 1 drivers
v0000027ec88e3530_0 .net "sub", 0 0, v0000027ec88e3710_0;  1 drivers
LS_0000027ec88e3990_0_0 .concat [ 1 1 1 1], v0000027ec88e3710_0, v0000027ec88e3710_0, v0000027ec88e3710_0, v0000027ec88e3710_0;
LS_0000027ec88e3990_0_4 .concat [ 1 1 1 1], v0000027ec88e3710_0, v0000027ec88e3710_0, v0000027ec88e3710_0, v0000027ec88e3710_0;
L_0000027ec88e3990 .concat [ 4 4 0 0], LS_0000027ec88e3990_0_0, LS_0000027ec88e3990_0_4;
S_0000027ec8862940 .scope module, "u1" "RCA_8bit" 3 27, 4 3 0, S_0000027ec88627b0;
 .timescale -9 -12;
    .port_info 0 /INPUT 8 "A";
    .port_info 1 /INPUT 8 "B";
    .port_info 2 /INPUT 1 "cin";
    .port_info 3 /OUTPUT 8 "sum";
    .port_info 4 /OUTPUT 1 "cout";
    .port_info 5 /OUTPUT 1 "carry_into_msb";
v0000027ec88e4bb0_0 .net "A", 7 0, v0000027ec88e4390_0;  alias, 1 drivers
v0000027ec88e2db0_0 .net "B", 7 0, L_0000027ec8885b50;  alias, 1 drivers
v0000027ec88e3490_0 .net "c1", 0 0, L_0000027ec88e4f10;  1 drivers
v0000027ec88e3670_0 .net "carry_into_msb", 0 0, L_0000027ec88e4ea0;  alias, 1 drivers
v0000027ec88e38f0_0 .net "cin", 0 0, v0000027ec88e3710_0;  alias, 1 drivers
v0000027ec88e4570_0 .net "cout", 0 0, L_0000027ec88e5bc0;  alias, 1 drivers
v0000027ec88e4250_0 .net "sum", 7 0, L_0000027ec88e5dd0;  alias, 1 drivers
L_0000027ec88e79f0 .part v0000027ec88e4390_0, 0, 4;
L_0000027ec88e6690 .part L_0000027ec8885b50, 0, 4;
L_0000027ec88e6050 .part v0000027ec88e4390_0, 4, 4;
L_0000027ec88e6730 .part L_0000027ec8885b50, 4, 4;
L_0000027ec88e5dd0 .concat8 [ 4 4 0 0], L_0000027ec88e3f30, L_0000027ec88e65f0;
S_0000027ec880cd60 .scope module, "u1_RCA_4bit" "RCA_4bit" 4 17, 5 3 0, S_0000027ec8862940;
 .timescale -9 -12;
    .port_info 0 /INPUT 4 "A";
    .port_info 1 /INPUT 4 "B";
    .port_info 2 /INPUT 1 "cin";
    .port_info 3 /OUTPUT 4 "sum";
    .port_info 4 /OUTPUT 1 "cout";
    .port_info 5 /OUTPUT 1 "carry_into_last_bit";
L_0000027ec88e5290 .functor BUFZ 1, L_0000027ec8884e30, C4<0>, C4<0>, C4<0>;
v0000027ec88dbda0_0 .net "A", 3 0, L_0000027ec88e79f0;  1 drivers
v0000027ec88db300_0 .net "B", 3 0, L_0000027ec88e6690;  1 drivers
v0000027ec88dbee0_0 .net "c1", 0 0, L_0000027ec88855a0;  1 drivers
v0000027ec88db4e0_0 .net "c2", 0 0, L_0000027ec8885840;  1 drivers
v0000027ec88db800_0 .net "c3", 0 0, L_0000027ec8884e30;  1 drivers
v0000027ec88db9e0_0 .net "carry_into_last_bit", 0 0, L_0000027ec88e5290;  1 drivers
v0000027ec88dbc60_0 .net "cin", 0 0, v0000027ec88e3710_0;  alias, 1 drivers
v0000027ec88db940_0 .net "cout", 0 0, L_0000027ec88e4f10;  alias, 1 drivers
v0000027ec88dcac0_0 .net "sum", 3 0, L_0000027ec88e3f30;  1 drivers
L_0000027ec88e3170 .part L_0000027ec88e79f0, 0, 1;
L_0000027ec88e3a30 .part L_0000027ec88e6690, 0, 1;
L_0000027ec88e3850 .part L_0000027ec88e79f0, 1, 1;
L_0000027ec88e44d0 .part L_0000027ec88e6690, 1, 1;
L_0000027ec88e3ad0 .part L_0000027ec88e79f0, 2, 1;
L_0000027ec88e3b70 .part L_0000027ec88e6690, 2, 1;
L_0000027ec88e3cb0 .part L_0000027ec88e79f0, 3, 1;
L_0000027ec88e3e90 .part L_0000027ec88e6690, 3, 1;
L_0000027ec88e3f30 .concat8 [ 1 1 1 1], L_0000027ec8885300, L_0000027ec8885680, L_0000027ec88857d0, L_0000027ec88850d0;
S_0000027ec880cef0 .scope module, "FA1" "FA" 5 16, 6 3 0, S_0000027ec880cd60;
 .timescale -9 -12;
    .port_info 0 /INPUT 1 "A";
    .port_info 1 /INPUT 1 "B";
    .port_info 2 /INPUT 1 "cin";
    .port_info 3 /OUTPUT 1 "sum";
    .port_info 4 /OUTPUT 1 "cout";
L_0000027ec88855a0 .functor OR 1, L_0000027ec8884f10, L_0000027ec8885450, C4<0>, C4<0>;
v0000027ec8883650_0 .net "A", 0 0, L_0000027ec88e3170;  1 drivers
v0000027ec8883e70_0 .net "B", 0 0, L_0000027ec88e3a30;  1 drivers
v0000027ec8882f70_0 .net "C1", 0 0, L_0000027ec8884f10;  1 drivers
v0000027ec8882bb0_0 .net "C2", 0 0, L_0000027ec8885450;  1 drivers
v0000027ec8883790_0 .net "S1", 0 0, L_0000027ec88858b0;  1 drivers
v0000027ec8883d30_0 .net "cin", 0 0, v0000027ec88e3710_0;  alias, 1 drivers
v0000027ec8882d90_0 .net "cout", 0 0, L_0000027ec88855a0;  alias, 1 drivers
v0000027ec8882c50_0 .net "sum", 0 0, L_0000027ec8885300;  1 drivers
S_0000027ec88590a0 .scope module, "ha1" "HA" 6 15, 7 2 0, S_0000027ec880cef0;
 .timescale -9 -12;
    .port_info 0 /INPUT 1 "A";
    .port_info 1 /INPUT 1 "B";
    .port_info 2 /OUTPUT 1 "sum";
    .port_info 3 /OUTPUT 1 "cout";
L_0000027ec88858b0 .functor XOR 1, L_0000027ec88e3170, L_0000027ec88e3a30, C4<0>, C4<0>;
L_0000027ec8884f10 .functor AND 1, L_0000027ec88e3170, L_0000027ec88e3a30, C4<1>, C4<1>;
v0000027ec8884190_0 .net "A", 0 0, L_0000027ec88e3170;  alias, 1 drivers
v0000027ec8884370_0 .net "B", 0 0, L_0000027ec88e3a30;  alias, 1 drivers
v0000027ec8884550_0 .net "cout", 0 0, L_0000027ec8884f10;  alias, 1 drivers
v0000027ec8884690_0 .net "sum", 0 0, L_0000027ec88858b0;  alias, 1 drivers
S_0000027ec8859230 .scope module, "ha2" "HA" 6 22, 7 2 0, S_0000027ec880cef0;
 .timescale -9 -12;
    .port_info 0 /INPUT 1 "A";
    .port_info 1 /INPUT 1 "B";
    .port_info 2 /OUTPUT 1 "sum";
    .port_info 3 /OUTPUT 1 "cout";
L_0000027ec8885300 .functor XOR 1, L_0000027ec88858b0, v0000027ec88e3710_0, C4<0>, C4<0>;
L_0000027ec8885450 .functor AND 1, L_0000027ec88858b0, v0000027ec88e3710_0, C4<1>, C4<1>;
v0000027ec88838d0_0 .net "A", 0 0, L_0000027ec88858b0;  alias, 1 drivers
v0000027ec8882a70_0 .net "B", 0 0, v0000027ec88e3710_0;  alias, 1 drivers
v0000027ec8883510_0 .net "cout", 0 0, L_0000027ec8885450;  alias, 1 drivers
v0000027ec8882b10_0 .net "sum", 0 0, L_0000027ec8885300;  alias, 1 drivers
S_0000027ec885da50 .scope module, "FA2" "FA" 5 24, 6 3 0, S_0000027ec880cd60;
 .timescale -9 -12;
    .port_info 0 /INPUT 1 "A";
    .port_info 1 /INPUT 1 "B";
    .port_info 2 /INPUT 1 "cin";
    .port_info 3 /OUTPUT 1 "sum";
    .port_info 4 /OUTPUT 1 "cout";
L_0000027ec8885840 .functor OR 1, L_0000027ec8884d50, L_0000027ec88856f0, C4<0>, C4<0>;
v0000027ec88833d0_0 .net "A", 0 0, L_0000027ec88e3850;  1 drivers
v0000027ec8883ab0_0 .net "B", 0 0, L_0000027ec88e44d0;  1 drivers
v0000027ec887a3e0_0 .net "C1", 0 0, L_0000027ec8884d50;  1 drivers
v0000027ec887a520_0 .net "C2", 0 0, L_0000027ec88856f0;  1 drivers
v0000027ec88dcb60_0 .net "S1", 0 0, L_0000027ec8885610;  1 drivers
v0000027ec88dc840_0 .net "cin", 0 0, L_0000027ec88855a0;  alias, 1 drivers
v0000027ec88dbbc0_0 .net "cout", 0 0, L_0000027ec8885840;  alias, 1 drivers
v0000027ec88dca20_0 .net "sum", 0 0, L_0000027ec8885680;  1 drivers
S_0000027ec885dbe0 .scope module, "ha1" "HA" 6 15, 7 2 0, S_0000027ec885da50;
 .timescale -9 -12;
    .port_info 0 /INPUT 1 "A";
    .port_info 1 /INPUT 1 "B";
    .port_info 2 /OUTPUT 1 "sum";
    .port_info 3 /OUTPUT 1 "cout";
L_0000027ec8885610 .functor XOR 1, L_0000027ec88e3850, L_0000027ec88e44d0, C4<0>, C4<0>;
L_0000027ec8884d50 .functor AND 1, L_0000027ec88e3850, L_0000027ec88e44d0, C4<1>, C4<1>;
v0000027ec8882cf0_0 .net "A", 0 0, L_0000027ec88e3850;  alias, 1 drivers
v0000027ec88830b0_0 .net "B", 0 0, L_0000027ec88e44d0;  alias, 1 drivers
v0000027ec8883830_0 .net "cout", 0 0, L_0000027ec8884d50;  alias, 1 drivers
v0000027ec8883010_0 .net "sum", 0 0, L_0000027ec8885610;  alias, 1 drivers
S_0000027ec8822ce0 .scope module, "ha2" "HA" 6 22, 7 2 0, S_0000027ec885da50;
 .timescale -9 -12;
    .port_info 0 /INPUT 1 "A";
    .port_info 1 /INPUT 1 "B";
    .port_info 2 /OUTPUT 1 "sum";
    .port_info 3 /OUTPUT 1 "cout";
L_0000027ec8885680 .functor XOR 1, L_0000027ec8885610, L_0000027ec88855a0, C4<0>, C4<0>;
L_0000027ec88856f0 .functor AND 1, L_0000027ec8885610, L_0000027ec88855a0, C4<1>, C4<1>;
v0000027ec8883a10_0 .net "A", 0 0, L_0000027ec8885610;  alias, 1 drivers
v0000027ec8883150_0 .net "B", 0 0, L_0000027ec88855a0;  alias, 1 drivers
v0000027ec8883290_0 .net "cout", 0 0, L_0000027ec88856f0;  alias, 1 drivers
v0000027ec88831f0_0 .net "sum", 0 0, L_0000027ec8885680;  alias, 1 drivers
S_0000027ec8822e70 .scope module, "FA3" "FA" 5 32, 6 3 0, S_0000027ec880cd60;
 .timescale -9 -12;
    .port_info 0 /INPUT 1 "A";
    .port_info 1 /INPUT 1 "B";
    .port_info 2 /INPUT 1 "cin";
    .port_info 3 /OUTPUT 1 "sum";
    .port_info 4 /OUTPUT 1 "cout";
L_0000027ec8884e30 .functor OR 1, L_0000027ec8885760, L_0000027ec8884dc0, C4<0>, C4<0>;
v0000027ec88dc020_0 .net "A", 0 0, L_0000027ec88e3ad0;  1 drivers
v0000027ec88dc3e0_0 .net "B", 0 0, L_0000027ec88e3b70;  1 drivers
v0000027ec88daf40_0 .net "C1", 0 0, L_0000027ec8885760;  1 drivers
v0000027ec88dc7a0_0 .net "C2", 0 0, L_0000027ec8884dc0;  1 drivers
v0000027ec88dae00_0 .net "S1", 0 0, L_0000027ec8885bc0;  1 drivers
v0000027ec88dc2a0_0 .net "cin", 0 0, L_0000027ec8885840;  alias, 1 drivers
v0000027ec88dad60_0 .net "cout", 0 0, L_0000027ec8884e30;  alias, 1 drivers
v0000027ec88dbf80_0 .net "sum", 0 0, L_0000027ec88857d0;  1 drivers
S_0000027ec8823000 .scope module, "ha1" "HA" 6 15, 7 2 0, S_0000027ec8822e70;
 .timescale -9 -12;
    .port_info 0 /INPUT 1 "A";
    .port_info 1 /INPUT 1 "B";
    .port_info 2 /OUTPUT 1 "sum";
    .port_info 3 /OUTPUT 1 "cout";
L_0000027ec8885bc0 .functor XOR 1, L_0000027ec88e3ad0, L_0000027ec88e3b70, C4<0>, C4<0>;
L_0000027ec8885760 .functor AND 1, L_0000027ec88e3ad0, L_0000027ec88e3b70, C4<1>, C4<1>;
v0000027ec88dc660_0 .net "A", 0 0, L_0000027ec88e3ad0;  alias, 1 drivers
v0000027ec88db580_0 .net "B", 0 0, L_0000027ec88e3b70;  alias, 1 drivers
v0000027ec88db1c0_0 .net "cout", 0 0, L_0000027ec8885760;  alias, 1 drivers
v0000027ec88db3a0_0 .net "sum", 0 0, L_0000027ec8885bc0;  alias, 1 drivers
S_0000027ec8876250 .scope module, "ha2" "HA" 6 22, 7 2 0, S_0000027ec8822e70;
 .timescale -9 -12;
    .port_info 0 /INPUT 1 "A";
    .port_info 1 /INPUT 1 "B";
    .port_info 2 /OUTPUT 1 "sum";
    .port_info 3 /OUTPUT 1 "cout";
L_0000027ec88857d0 .functor XOR 1, L_0000027ec8885bc0, L_0000027ec8885840, C4<0>, C4<0>;
L_0000027ec8884dc0 .functor AND 1, L_0000027ec8885bc0, L_0000027ec8885840, C4<1>, C4<1>;
v0000027ec88dc480_0 .net "A", 0 0, L_0000027ec8885bc0;  alias, 1 drivers
v0000027ec88db620_0 .net "B", 0 0, L_0000027ec8885840;  alias, 1 drivers
v0000027ec88dc700_0 .net "cout", 0 0, L_0000027ec8884dc0;  alias, 1 drivers
v0000027ec88dc5c0_0 .net "sum", 0 0, L_0000027ec88857d0;  alias, 1 drivers
S_0000027ec88763e0 .scope module, "FA4" "FA" 5 40, 6 3 0, S_0000027ec880cd60;
 .timescale -9 -12;
    .port_info 0 /INPUT 1 "A";
    .port_info 1 /INPUT 1 "B";
    .port_info 2 /INPUT 1 "cin";
    .port_info 3 /OUTPUT 1 "sum";
    .port_info 4 /OUTPUT 1 "cout";
L_0000027ec88e4f10 .functor OR 1, L_0000027ec8885060, L_0000027ec88e5450, C4<0>, C4<0>;
v0000027ec88db120_0 .net "A", 0 0, L_0000027ec88e3cb0;  1 drivers
v0000027ec88db760_0 .net "B", 0 0, L_0000027ec88e3e90;  1 drivers
v0000027ec88daea0_0 .net "C1", 0 0, L_0000027ec8885060;  1 drivers
v0000027ec88dc200_0 .net "C2", 0 0, L_0000027ec88e5450;  1 drivers
v0000027ec88dafe0_0 .net "S1", 0 0, L_0000027ec8884ff0;  1 drivers
v0000027ec88db260_0 .net "cin", 0 0, L_0000027ec8884e30;  alias, 1 drivers
v0000027ec88dc340_0 .net "cout", 0 0, L_0000027ec88e4f10;  alias, 1 drivers
v0000027ec88db440_0 .net "sum", 0 0, L_0000027ec88850d0;  1 drivers
S_0000027ec8876570 .scope module, "ha1" "HA" 6 15, 7 2 0, S_0000027ec88763e0;
 .timescale -9 -12;
    .port_info 0 /INPUT 1 "A";
    .port_info 1 /INPUT 1 "B";
    .port_info 2 /OUTPUT 1 "sum";
    .port_info 3 /OUTPUT 1 "cout";
L_0000027ec8884ff0 .functor XOR 1, L_0000027ec88e3cb0, L_0000027ec88e3e90, C4<0>, C4<0>;
L_0000027ec8885060 .functor AND 1, L_0000027ec88e3cb0, L_0000027ec88e3e90, C4<1>, C4<1>;
v0000027ec88dbe40_0 .net "A", 0 0, L_0000027ec88e3cb0;  alias, 1 drivers
v0000027ec88dc0c0_0 .net "B", 0 0, L_0000027ec88e3e90;  alias, 1 drivers
v0000027ec88dc980_0 .net "cout", 0 0, L_0000027ec8885060;  alias, 1 drivers
v0000027ec88dbd00_0 .net "sum", 0 0, L_0000027ec8884ff0;  alias, 1 drivers
S_0000027ec8876700 .scope module, "ha2" "HA" 6 22, 7 2 0, S_0000027ec88763e0;
 .timescale -9 -12;
    .port_info 0 /INPUT 1 "A";
    .port_info 1 /INPUT 1 "B";
    .port_info 2 /OUTPUT 1 "sum";
    .port_info 3 /OUTPUT 1 "cout";
L_0000027ec88850d0 .functor XOR 1, L_0000027ec8884ff0, L_0000027ec8884e30, C4<0>, C4<0>;
L_0000027ec88e5450 .functor AND 1, L_0000027ec8884ff0, L_0000027ec8884e30, C4<1>, C4<1>;
v0000027ec88db080_0 .net "A", 0 0, L_0000027ec8884ff0;  alias, 1 drivers
v0000027ec88db8a0_0 .net "B", 0 0, L_0000027ec8884e30;  alias, 1 drivers
v0000027ec88dc8e0_0 .net "cout", 0 0, L_0000027ec88e5450;  alias, 1 drivers
v0000027ec88db6c0_0 .net "sum", 0 0, L_0000027ec88850d0;  alias, 1 drivers
S_0000027ec8876890 .scope module, "u2_RCA_4bit" "RCA_4bit" 4 27, 5 3 0, S_0000027ec8862940;
 .timescale -9 -12;
    .port_info 0 /INPUT 4 "A";
    .port_info 1 /INPUT 4 "B";
    .port_info 2 /INPUT 1 "cin";
    .port_info 3 /OUTPUT 4 "sum";
    .port_info 4 /OUTPUT 1 "cout";
    .port_info 5 /OUTPUT 1 "carry_into_last_bit";
L_0000027ec88e4ea0 .functor BUFZ 1, L_0000027ec88e5a00, C4<0>, C4<0>, C4<0>;
v0000027ec88e4750_0 .net "A", 3 0, L_0000027ec88e6050;  1 drivers
v0000027ec88e4110_0 .net "B", 3 0, L_0000027ec88e6730;  1 drivers
v0000027ec88e4b10_0 .net "c1", 0 0, L_0000027ec88e4f80;  1 drivers
v0000027ec88e4070_0 .net "c2", 0 0, L_0000027ec88e5ca0;  1 drivers
v0000027ec88e3030_0 .net "c3", 0 0, L_0000027ec88e5a00;  1 drivers
v0000027ec88e4430_0 .net "carry_into_last_bit", 0 0, L_0000027ec88e4ea0;  alias, 1 drivers
v0000027ec88e41b0_0 .net "cin", 0 0, L_0000027ec88e4f10;  alias, 1 drivers
v0000027ec88e30d0_0 .net "cout", 0 0, L_0000027ec88e5bc0;  alias, 1 drivers
v0000027ec88e47f0_0 .net "sum", 3 0, L_0000027ec88e65f0;  1 drivers
L_0000027ec88e5e70 .part L_0000027ec88e6050, 0, 1;
L_0000027ec88e64b0 .part L_0000027ec88e6730, 0, 1;
L_0000027ec88e6410 .part L_0000027ec88e6050, 1, 1;
L_0000027ec88e6c30 .part L_0000027ec88e6730, 1, 1;
L_0000027ec88e6af0 .part L_0000027ec88e6050, 2, 1;
L_0000027ec88e67d0 .part L_0000027ec88e6730, 2, 1;
L_0000027ec88e6550 .part L_0000027ec88e6050, 3, 1;
L_0000027ec88e7630 .part L_0000027ec88e6730, 3, 1;
L_0000027ec88e65f0 .concat8 [ 1 1 1 1], L_0000027ec88e5c30, L_0000027ec88e4ff0, L_0000027ec88e5ae0, L_0000027ec88e5760;
S_0000027ec88dd540 .scope module, "FA1" "FA" 5 16, 6 3 0, S_0000027ec8876890;
 .timescale -9 -12;
    .port_info 0 /INPUT 1 "A";
    .port_info 1 /INPUT 1 "B";
    .port_info 2 /INPUT 1 "cin";
    .port_info 3 /OUTPUT 1 "sum";
    .port_info 4 /OUTPUT 1 "cout";
L_0000027ec88e4f80 .functor OR 1, L_0000027ec88e56f0, L_0000027ec88e58b0, C4<0>, C4<0>;
v0000027ec88df680_0 .net "A", 0 0, L_0000027ec88e5e70;  1 drivers
v0000027ec88df360_0 .net "B", 0 0, L_0000027ec88e64b0;  1 drivers
v0000027ec88de820_0 .net "C1", 0 0, L_0000027ec88e56f0;  1 drivers
v0000027ec88de1e0_0 .net "C2", 0 0, L_0000027ec88e58b0;  1 drivers
v0000027ec88de3c0_0 .net "S1", 0 0, L_0000027ec88e5920;  1 drivers
v0000027ec88de780_0 .net "cin", 0 0, L_0000027ec88e4f10;  alias, 1 drivers
v0000027ec88df0e0_0 .net "cout", 0 0, L_0000027ec88e4f80;  alias, 1 drivers
v0000027ec88de0a0_0 .net "sum", 0 0, L_0000027ec88e5c30;  1 drivers
S_0000027ec88dd6d0 .scope module, "ha1" "HA" 6 15, 7 2 0, S_0000027ec88dd540;
 .timescale -9 -12;
    .port_info 0 /INPUT 1 "A";
    .port_info 1 /INPUT 1 "B";
    .port_info 2 /OUTPUT 1 "sum";
    .port_info 3 /OUTPUT 1 "cout";
L_0000027ec88e5920 .functor XOR 1, L_0000027ec88e5e70, L_0000027ec88e64b0, C4<0>, C4<0>;
L_0000027ec88e56f0 .functor AND 1, L_0000027ec88e5e70, L_0000027ec88e64b0, C4<1>, C4<1>;
v0000027ec88dba80_0 .net "A", 0 0, L_0000027ec88e5e70;  alias, 1 drivers
v0000027ec88dbb20_0 .net "B", 0 0, L_0000027ec88e64b0;  alias, 1 drivers
v0000027ec88dc520_0 .net "cout", 0 0, L_0000027ec88e56f0;  alias, 1 drivers
v0000027ec88dc160_0 .net "sum", 0 0, L_0000027ec88e5920;  alias, 1 drivers
S_0000027ec88dd9f0 .scope module, "ha2" "HA" 6 22, 7 2 0, S_0000027ec88dd540;
 .timescale -9 -12;
    .port_info 0 /INPUT 1 "A";
    .port_info 1 /INPUT 1 "B";
    .port_info 2 /OUTPUT 1 "sum";
    .port_info 3 /OUTPUT 1 "cout";
L_0000027ec88e5c30 .functor XOR 1, L_0000027ec88e5920, L_0000027ec88e4f10, C4<0>, C4<0>;
L_0000027ec88e58b0 .functor AND 1, L_0000027ec88e5920, L_0000027ec88e4f10, C4<1>, C4<1>;
v0000027ec88dcc00_0 .net "A", 0 0, L_0000027ec88e5920;  alias, 1 drivers
v0000027ec88ddf60_0 .net "B", 0 0, L_0000027ec88e4f10;  alias, 1 drivers
v0000027ec88df540_0 .net "cout", 0 0, L_0000027ec88e58b0;  alias, 1 drivers
v0000027ec88df4a0_0 .net "sum", 0 0, L_0000027ec88e5c30;  alias, 1 drivers
S_0000027ec88dd860 .scope module, "FA2" "FA" 5 24, 6 3 0, S_0000027ec8876890;
 .timescale -9 -12;
    .port_info 0 /INPUT 1 "A";
    .port_info 1 /INPUT 1 "B";
    .port_info 2 /INPUT 1 "cin";
    .port_info 3 /OUTPUT 1 "sum";
    .port_info 4 /OUTPUT 1 "cout";
L_0000027ec88e5ca0 .functor OR 1, L_0000027ec88e4dc0, L_0000027ec88e5610, C4<0>, C4<0>;
v0000027ec88df5e0_0 .net "A", 0 0, L_0000027ec88e6410;  1 drivers
v0000027ec88de460_0 .net "B", 0 0, L_0000027ec88e6c30;  1 drivers
v0000027ec88de500_0 .net "C1", 0 0, L_0000027ec88e4dc0;  1 drivers
v0000027ec88de8c0_0 .net "C2", 0 0, L_0000027ec88e5610;  1 drivers
v0000027ec88df400_0 .net "S1", 0 0, L_0000027ec88e55a0;  1 drivers
v0000027ec88de5a0_0 .net "cin", 0 0, L_0000027ec88e4f80;  alias, 1 drivers
v0000027ec88dedc0_0 .net "cout", 0 0, L_0000027ec88e5ca0;  alias, 1 drivers
v0000027ec88df860_0 .net "sum", 0 0, L_0000027ec88e4ff0;  1 drivers
S_0000027ec88dd090 .scope module, "ha1" "HA" 6 15, 7 2 0, S_0000027ec88dd860;
 .timescale -9 -12;
    .port_info 0 /INPUT 1 "A";
    .port_info 1 /INPUT 1 "B";
    .port_info 2 /OUTPUT 1 "sum";
    .port_info 3 /OUTPUT 1 "cout";
L_0000027ec88e55a0 .functor XOR 1, L_0000027ec88e6410, L_0000027ec88e6c30, C4<0>, C4<0>;
L_0000027ec88e4dc0 .functor AND 1, L_0000027ec88e6410, L_0000027ec88e6c30, C4<1>, C4<1>;
v0000027ec88de000_0 .net "A", 0 0, L_0000027ec88e6410;  alias, 1 drivers
v0000027ec88dfb80_0 .net "B", 0 0, L_0000027ec88e6c30;  alias, 1 drivers
v0000027ec88de140_0 .net "cout", 0 0, L_0000027ec88e4dc0;  alias, 1 drivers
v0000027ec88dec80_0 .net "sum", 0 0, L_0000027ec88e55a0;  alias, 1 drivers
S_0000027ec88dd220 .scope module, "ha2" "HA" 6 22, 7 2 0, S_0000027ec88dd860;
 .timescale -9 -12;
    .port_info 0 /INPUT 1 "A";
    .port_info 1 /INPUT 1 "B";
    .port_info 2 /OUTPUT 1 "sum";
    .port_info 3 /OUTPUT 1 "cout";
L_0000027ec88e4ff0 .functor XOR 1, L_0000027ec88e55a0, L_0000027ec88e4f80, C4<0>, C4<0>;
L_0000027ec88e5610 .functor AND 1, L_0000027ec88e55a0, L_0000027ec88e4f80, C4<1>, C4<1>;
v0000027ec88de280_0 .net "A", 0 0, L_0000027ec88e55a0;  alias, 1 drivers
v0000027ec88debe0_0 .net "B", 0 0, L_0000027ec88e4f80;  alias, 1 drivers
v0000027ec88de320_0 .net "cout", 0 0, L_0000027ec88e5610;  alias, 1 drivers
v0000027ec88ded20_0 .net "sum", 0 0, L_0000027ec88e4ff0;  alias, 1 drivers
S_0000027ec88dcd70 .scope module, "FA3" "FA" 5 32, 6 3 0, S_0000027ec8876890;
 .timescale -9 -12;
    .port_info 0 /INPUT 1 "A";
    .port_info 1 /INPUT 1 "B";
    .port_info 2 /INPUT 1 "cin";
    .port_info 3 /OUTPUT 1 "sum";
    .port_info 4 /OUTPUT 1 "cout";
L_0000027ec88e5a00 .functor OR 1, L_0000027ec88e4e30, L_0000027ec88e5b50, C4<0>, C4<0>;
v0000027ec88ddec0_0 .net "A", 0 0, L_0000027ec88e6af0;  1 drivers
v0000027ec88dfc20_0 .net "B", 0 0, L_0000027ec88e67d0;  1 drivers
v0000027ec88dde20_0 .net "C1", 0 0, L_0000027ec88e4e30;  1 drivers
v0000027ec88de640_0 .net "C2", 0 0, L_0000027ec88e5b50;  1 drivers
v0000027ec88deaa0_0 .net "S1", 0 0, L_0000027ec88e5990;  1 drivers
v0000027ec88de6e0_0 .net "cin", 0 0, L_0000027ec88e5ca0;  alias, 1 drivers
v0000027ec88df7c0_0 .net "cout", 0 0, L_0000027ec88e5a00;  alias, 1 drivers
v0000027ec88deb40_0 .net "sum", 0 0, L_0000027ec88e5ae0;  1 drivers
S_0000027ec88dd3b0 .scope module, "ha1" "HA" 6 15, 7 2 0, S_0000027ec88dcd70;
 .timescale -9 -12;
    .port_info 0 /INPUT 1 "A";
    .port_info 1 /INPUT 1 "B";
    .port_info 2 /OUTPUT 1 "sum";
    .port_info 3 /OUTPUT 1 "cout";
L_0000027ec88e5990 .functor XOR 1, L_0000027ec88e6af0, L_0000027ec88e67d0, C4<0>, C4<0>;
L_0000027ec88e4e30 .functor AND 1, L_0000027ec88e6af0, L_0000027ec88e67d0, C4<1>, C4<1>;
v0000027ec88df180_0 .net "A", 0 0, L_0000027ec88e6af0;  alias, 1 drivers
v0000027ec88dee60_0 .net "B", 0 0, L_0000027ec88e67d0;  alias, 1 drivers
v0000027ec88de960_0 .net "cout", 0 0, L_0000027ec88e4e30;  alias, 1 drivers
v0000027ec88df040_0 .net "sum", 0 0, L_0000027ec88e5990;  alias, 1 drivers
S_0000027ec88ddb80 .scope module, "ha2" "HA" 6 22, 7 2 0, S_0000027ec88dcd70;
 .timescale -9 -12;
    .port_info 0 /INPUT 1 "A";
    .port_info 1 /INPUT 1 "B";
    .port_info 2 /OUTPUT 1 "sum";
    .port_info 3 /OUTPUT 1 "cout";
L_0000027ec88e5ae0 .functor XOR 1, L_0000027ec88e5990, L_0000027ec88e5ca0, C4<0>, C4<0>;
L_0000027ec88e5b50 .functor AND 1, L_0000027ec88e5990, L_0000027ec88e5ca0, C4<1>, C4<1>;
v0000027ec88df720_0 .net "A", 0 0, L_0000027ec88e5990;  alias, 1 drivers
v0000027ec88def00_0 .net "B", 0 0, L_0000027ec88e5ca0;  alias, 1 drivers
v0000027ec88df900_0 .net "cout", 0 0, L_0000027ec88e5b50;  alias, 1 drivers
v0000027ec88dea00_0 .net "sum", 0 0, L_0000027ec88e5ae0;  alias, 1 drivers
S_0000027ec88dcf00 .scope module, "FA4" "FA" 5 40, 6 3 0, S_0000027ec8876890;
 .timescale -9 -12;
    .port_info 0 /INPUT 1 "A";
    .port_info 1 /INPUT 1 "B";
    .port_info 2 /INPUT 1 "cin";
    .port_info 3 /OUTPUT 1 "sum";
    .port_info 4 /OUTPUT 1 "cout";
L_0000027ec88e5bc0 .functor OR 1, L_0000027ec88e5a70, L_0000027ec88e54c0, C4<0>, C4<0>;
v0000027ec88e46b0_0 .net "A", 0 0, L_0000027ec88e6550;  1 drivers
v0000027ec88e35d0_0 .net "B", 0 0, L_0000027ec88e7630;  1 drivers
v0000027ec88e3210_0 .net "C1", 0 0, L_0000027ec88e5a70;  1 drivers
v0000027ec88e33f0_0 .net "C2", 0 0, L_0000027ec88e54c0;  1 drivers
v0000027ec88e3350_0 .net "S1", 0 0, L_0000027ec88e5680;  1 drivers
v0000027ec88e2e50_0 .net "cin", 0 0, L_0000027ec88e5a00;  alias, 1 drivers
v0000027ec88e37b0_0 .net "cout", 0 0, L_0000027ec88e5bc0;  alias, 1 drivers
v0000027ec88e3fd0_0 .net "sum", 0 0, L_0000027ec88e5760;  1 drivers
S_0000027ec88e2510 .scope module, "ha1" "HA" 6 15, 7 2 0, S_0000027ec88dcf00;
 .timescale -9 -12;
    .port_info 0 /INPUT 1 "A";
    .port_info 1 /INPUT 1 "B";
    .port_info 2 /OUTPUT 1 "sum";
    .port_info 3 /OUTPUT 1 "cout";
L_0000027ec88e5680 .functor XOR 1, L_0000027ec88e6550, L_0000027ec88e7630, C4<0>, C4<0>;
L_0000027ec88e5a70 .functor AND 1, L_0000027ec88e6550, L_0000027ec88e7630, C4<1>, C4<1>;
v0000027ec88defa0_0 .net "A", 0 0, L_0000027ec88e6550;  alias, 1 drivers
v0000027ec88df220_0 .net "B", 0 0, L_0000027ec88e7630;  alias, 1 drivers
v0000027ec88df9a0_0 .net "cout", 0 0, L_0000027ec88e5a70;  alias, 1 drivers
v0000027ec88dfa40_0 .net "sum", 0 0, L_0000027ec88e5680;  alias, 1 drivers
S_0000027ec88e1d40 .scope module, "ha2" "HA" 6 22, 7 2 0, S_0000027ec88dcf00;
 .timescale -9 -12;
    .port_info 0 /INPUT 1 "A";
    .port_info 1 /INPUT 1 "B";
    .port_info 2 /OUTPUT 1 "sum";
    .port_info 3 /OUTPUT 1 "cout";
L_0000027ec88e5760 .functor XOR 1, L_0000027ec88e5680, L_0000027ec88e5a00, C4<0>, C4<0>;
L_0000027ec88e54c0 .functor AND 1, L_0000027ec88e5680, L_0000027ec88e5a00, C4<1>, C4<1>;
v0000027ec88df2c0_0 .net "A", 0 0, L_0000027ec88e5680;  alias, 1 drivers
v0000027ec88dfae0_0 .net "B", 0 0, L_0000027ec88e5a00;  alias, 1 drivers
v0000027ec88ddd80_0 .net "cout", 0 0, L_0000027ec88e54c0;  alias, 1 drivers
v0000027ec88e32b0_0 .net "sum", 0 0, L_0000027ec88e5760;  alias, 1 drivers
    .scope S_0000027ec8889ef0;
T_0 ;
    %vpi_call 2 22 "$dumpfile", "wave/arithmetic_unit.vcd" {0 0 0};
    %vpi_call 2 23 "$dumpvars", 32'sb00000000000000000000000000000000, S_0000027ec8889ef0 {0 0 0};
    %pushi/vec4 10, 0, 8;
    %store/vec4 v0000027ec88e4390_0, 0, 8;
    %pushi/vec4 5, 0, 8;
    %store/vec4 v0000027ec88e49d0_0, 0, 8;
    %pushi/vec4 0, 0, 1;
    %store/vec4 v0000027ec88e3710_0, 0, 1;
    %delay 10000, 0;
    %pushi/vec4 25, 0, 8;
    %store/vec4 v0000027ec88e4390_0, 0, 8;
    %pushi/vec4 15, 0, 8;
    %store/vec4 v0000027ec88e49d0_0, 0, 8;
    %pushi/vec4 0, 0, 1;
    %store/vec4 v0000027ec88e3710_0, 0, 1;
    %delay 10000, 0;
    %pushi/vec4 10, 0, 8;
    %store/vec4 v0000027ec88e4390_0, 0, 8;
    %pushi/vec4 5, 0, 8;
    %store/vec4 v0000027ec88e49d0_0, 0, 8;
    %pushi/vec4 1, 0, 1;
    %store/vec4 v0000027ec88e3710_0, 0, 1;
    %delay 10000, 0;
    %pushi/vec4 15, 0, 8;
    %store/vec4 v0000027ec88e4390_0, 0, 8;
    %pushi/vec4 15, 0, 8;
    %store/vec4 v0000027ec88e49d0_0, 0, 8;
    %pushi/vec4 1, 0, 1;
    %store/vec4 v0000027ec88e3710_0, 0, 1;
    %delay 10000, 0;
    %pushi/vec4 5, 0, 8;
    %store/vec4 v0000027ec88e4390_0, 0, 8;
    %pushi/vec4 10, 0, 8;
    %store/vec4 v0000027ec88e49d0_0, 0, 8;
    %pushi/vec4 1, 0, 1;
    %store/vec4 v0000027ec88e3710_0, 0, 1;
    %delay 10000, 0;
    %pushi/vec4 50, 0, 8;
    %store/vec4 v0000027ec88e4390_0, 0, 8;
    %pushi/vec4 100, 0, 8;
    %store/vec4 v0000027ec88e49d0_0, 0, 8;
    %pushi/vec4 0, 0, 1;
    %store/vec4 v0000027ec88e3710_0, 0, 1;
    %delay 10000, 0;
    %vpi_call 2 61 "$finish" {0 0 0};
    %end;
    .thread T_0;
# The file index is used to find the file name in the following table.
:file_names 8;
    "N/A";
    "<interactive>";
    "tb/arithmetic_unit_TB.v";
    "rtl/arithmetic_unit.v";
    "rtl/ripple_adder_8bit.v";
    "rtl/ripple_adder_4bit.v";
    "rtl/full_adder.v";
    "rtl/half_adder.v";
