#! /c/Source/iverilog-install/bin/vvp
:ivl_version "12.0 (devel)" "(s20150603-1539-g2693dd32b)";
:ivl_delay_selection "TYPICAL";
:vpi_time_precision - 12;
:vpi_module "C:\iverilog\lib\ivl\system.vpi";
:vpi_module "C:\iverilog\lib\ivl\vhdl_sys.vpi";
:vpi_module "C:\iverilog\lib\ivl\vhdl_textio.vpi";
:vpi_module "C:\iverilog\lib\ivl\v2005_math.vpi";
:vpi_module "C:\iverilog\lib\ivl\va_math.vpi";
S_000002b4387f57c0 .scope module, "HA_tb" "HA_tb" 2 3;
 .timescale -9 -12;
v000002b4387a9d10_0 .var "A", 0 0;
v000002b4387f5ae0_0 .var "B", 0 0;
v000002b4387f5b80_0 .net "carry", 0 0, L_000002b4387c2d80;  1 drivers
v000002b4387abc50_0 .net "sum", 0 0, L_000002b4387a8310;  1 drivers
S_000002b4387f5950 .scope module, "dut" "HA" 2 9, 3 2 0, S_000002b4387f57c0;
 .timescale -9 -12;
    .port_info 0 /INPUT 1 "A";
    .port_info 1 /INPUT 1 "B";
    .port_info 2 /OUTPUT 1 "sum";
    .port_info 3 /OUTPUT 1 "carry";
L_000002b4387a8310 .functor XOR 1, v000002b4387a9d10_0, v000002b4387f5ae0_0, C4<0>, C4<0>;
L_000002b4387c2d80 .functor AND 1, v000002b4387a9d10_0, v000002b4387f5ae0_0, C4<1>, C4<1>;
v000002b4387c2fa0_0 .net "A", 0 0, v000002b4387a9d10_0;  1 drivers
v000002b4387c2b20_0 .net "B", 0 0, v000002b4387f5ae0_0;  1 drivers
v000002b4387a8270_0 .net "carry", 0 0, L_000002b4387c2d80;  alias, 1 drivers
v000002b4387a9c70_0 .net "sum", 0 0, L_000002b4387a8310;  alias, 1 drivers
    .scope S_000002b4387f57c0;
T_0 ;
    %vpi_call 2 17 "$dumpfile", "wave/half_adder.vcd" {0 0 0};
    %vpi_call 2 18 "$dumpvars", 32'sb00000000000000000000000000000000, S_000002b4387f57c0 {0 0 0};
    %pushi/vec4 0, 0, 1;
    %store/vec4 v000002b4387a9d10_0, 0, 1;
    %pushi/vec4 0, 0, 1;
    %store/vec4 v000002b4387f5ae0_0, 0, 1;
    %delay 10000, 0;
    %pushi/vec4 0, 0, 1;
    %store/vec4 v000002b4387a9d10_0, 0, 1;
    %pushi/vec4 1, 0, 1;
    %store/vec4 v000002b4387f5ae0_0, 0, 1;
    %delay 10000, 0;
    %pushi/vec4 1, 0, 1;
    %store/vec4 v000002b4387a9d10_0, 0, 1;
    %pushi/vec4 0, 0, 1;
    %store/vec4 v000002b4387f5ae0_0, 0, 1;
    %delay 10000, 0;
    %pushi/vec4 1, 0, 1;
    %store/vec4 v000002b4387a9d10_0, 0, 1;
    %pushi/vec4 1, 0, 1;
    %store/vec4 v000002b4387f5ae0_0, 0, 1;
    %delay 10000, 0;
    %vpi_call 2 29 "$finish" {0 0 0};
    %end;
    .thread T_0;
# The file index is used to find the file name in the following table.
:file_names 4;
    "N/A";
    "<interactive>";
    "tb/Half_adder_TB.v";
    "rtl/half_adder.v";
