#! /c/Source/iverilog-install/bin/vvp
:ivl_version "12.0 (devel)" "(s20150603-1539-g2693dd32b)";
:ivl_delay_selection "TYPICAL";
:vpi_time_precision - 12;
:vpi_module "C:\iverilog\lib\ivl\system.vpi";
:vpi_module "C:\iverilog\lib\ivl\vhdl_sys.vpi";
:vpi_module "C:\iverilog\lib\ivl\vhdl_textio.vpi";
:vpi_module "C:\iverilog\lib\ivl\v2005_math.vpi";
:vpi_module "C:\iverilog\lib\ivl\va_math.vpi";
S_00000164299acee0 .scope module, "logical_unit_tb" "logical_unit_tb" 2 3;
 .timescale -9 -12;
v00000164299ab9a0_0 .var "A", 7 0;
v00000164299aba40_0 .var "B", 7 0;
v00000164299abae0_0 .var "opcode", 1 0;
v00000164299abb80_0 .net "result", 7 0, v00000164299ab900_0;  1 drivers
S_00000164299ad070 .scope module, "dut" "logical_unit" 2 13, 3 3 0, S_00000164299acee0;
 .timescale -9 -12;
    .port_info 0 /INPUT 8 "A";
    .port_info 1 /INPUT 8 "B";
    .port_info 2 /INPUT 2 "opcode";
    .port_info 3 /OUTPUT 8 "result";
v00000164298a34f0_0 .net "A", 7 0, v00000164299ab9a0_0;  1 drivers
v00000164298a30e0_0 .net "B", 7 0, v00000164299aba40_0;  1 drivers
v00000164299ab860_0 .net "opcode", 1 0, v00000164299abae0_0;  1 drivers
v00000164299ab900_0 .var "result", 7 0;
E_00000164298d8db0 .event anyedge, v00000164299ab860_0, v00000164298a34f0_0, v00000164298a30e0_0;
    .scope S_00000164299ad070;
T_0 ;
    %wait E_00000164298d8db0;
    %load/vec4 v00000164299ab860_0;
    %dup/vec4;
    %pushi/vec4 0, 0, 2;
    %cmp/u;
    %jmp/1 T_0.0, 6;
    %dup/vec4;
    %pushi/vec4 1, 0, 2;
    %cmp/u;
    %jmp/1 T_0.1, 6;
    %dup/vec4;
    %pushi/vec4 2, 0, 2;
    %cmp/u;
    %jmp/1 T_0.2, 6;
    %dup/vec4;
    %pushi/vec4 3, 0, 2;
    %cmp/u;
    %jmp/1 T_0.3, 6;
    %pushi/vec4 0, 0, 8;
    %store/vec4 v00000164299ab900_0, 0, 8;
    %jmp T_0.5;
T_0.0 ;
    %load/vec4 v00000164298a34f0_0;
    %load/vec4 v00000164298a30e0_0;
    %and;
    %store/vec4 v00000164299ab900_0, 0, 8;
    %jmp T_0.5;
T_0.1 ;
    %load/vec4 v00000164298a34f0_0;
    %load/vec4 v00000164298a30e0_0;
    %or;
    %store/vec4 v00000164299ab900_0, 0, 8;
    %jmp T_0.5;
T_0.2 ;
    %load/vec4 v00000164298a34f0_0;
    %load/vec4 v00000164298a30e0_0;
    %xor;
    %store/vec4 v00000164299ab900_0, 0, 8;
    %jmp T_0.5;
T_0.3 ;
    %load/vec4 v00000164298a34f0_0;
    %load/vec4 v00000164298a30e0_0;
    %and;
    %inv;
    %store/vec4 v00000164299ab900_0, 0, 8;
    %jmp T_0.5;
T_0.5 ;
    %pop/vec4 1;
    %jmp T_0;
    .thread T_0, $push;
    .scope S_00000164299acee0;
T_1 ;
    %vpi_call 2 21 "$dumpfile", "wave/logical_unit.vcd" {0 0 0};
    %vpi_call 2 22 "$dumpvars", 32'sb00000000000000000000000000000000, S_00000164299acee0 {0 0 0};
    %pushi/vec4 5, 0, 8;
    %store/vec4 v00000164299ab9a0_0, 0, 8;
    %pushi/vec4 246, 0, 8;
    %store/vec4 v00000164299aba40_0, 0, 8;
    %pushi/vec4 0, 0, 2;
    %store/vec4 v00000164299abae0_0, 0, 2;
    %delay 10000, 0;
    %pushi/vec4 5, 0, 8;
    %store/vec4 v00000164299ab9a0_0, 0, 8;
    %pushi/vec4 246, 0, 8;
    %store/vec4 v00000164299aba40_0, 0, 8;
    %pushi/vec4 1, 0, 2;
    %store/vec4 v00000164299abae0_0, 0, 2;
    %delay 10000, 0;
    %pushi/vec4 5, 0, 8;
    %store/vec4 v00000164299ab9a0_0, 0, 8;
    %pushi/vec4 246, 0, 8;
    %store/vec4 v00000164299aba40_0, 0, 8;
    %pushi/vec4 2, 0, 2;
    %store/vec4 v00000164299abae0_0, 0, 2;
    %delay 10000, 0;
    %pushi/vec4 5, 0, 8;
    %store/vec4 v00000164299ab9a0_0, 0, 8;
    %pushi/vec4 246, 0, 8;
    %store/vec4 v00000164299aba40_0, 0, 8;
    %pushi/vec4 3, 0, 2;
    %store/vec4 v00000164299abae0_0, 0, 2;
    %delay 10000, 0;
    %vpi_call 2 48 "$finish" {0 0 0};
    %end;
    .thread T_1;
# The file index is used to find the file name in the following table.
:file_names 4;
    "N/A";
    "<interactive>";
    "tb/logical_unit_tb.v";
    "rtl/logical_unit.v";
