#! /c/Source/iverilog-install/bin/vvp
:ivl_version "12.0 (devel)" "(s20150603-1539-g2693dd32b)";
:ivl_delay_selection "TYPICAL";
:vpi_time_precision - 12;
:vpi_module "C:\iverilog\lib\ivl\system.vpi";
:vpi_module "C:\iverilog\lib\ivl\vhdl_sys.vpi";
:vpi_module "C:\iverilog\lib\ivl\vhdl_textio.vpi";
:vpi_module "C:\iverilog\lib\ivl\v2005_math.vpi";
:vpi_module "C:\iverilog\lib\ivl\va_math.vpi";
S_0000022c62b657d0 .scope module, "RCA_8bit_TB" "RCA_8bit_TB" 2 3;
 .timescale -9 -12;
v0000022c62bc2300_0 .var "A", 7 0;
v0000022c62bc2760_0 .var "B", 7 0;
v0000022c62bc15e0_0 .net "carry_into_msb", 0 0, L_0000022c62bc5a10;  1 drivers
v0000022c62bc10e0_0 .var "cin", 0 0;
v0000022c62bc2940_0 .net "cout", 0 0, L_0000022c62bc55b0;  1 drivers
v0000022c62bc1860_0 .net "sum", 7 0, L_0000022c62bc7290;  1 drivers
S_0000022c62b3cfd0 .scope module, "dut" "RCA_8bit" 2 12, 3 3 0, S_0000022c62b657d0;
 .timescale -9 -12;
    .port_info 0 /INPUT 8 "A";
    .port_info 1 /INPUT 8 "B";
    .port_info 2 /INPUT 1 "cin";
    .port_info 3 /OUTPUT 8 "sum";
    .port_info 4 /OUTPUT 1 "cout";
    .port_info 5 /OUTPUT 1 "carry_into_msb";
v0000022c62bc2620_0 .net "A", 7 0, v0000022c62bc2300_0;  1 drivers
v0000022c62bc1c20_0 .net "B", 7 0, v0000022c62bc2760_0;  1 drivers
v0000022c62bc1d60_0 .net "c1", 0 0, L_0000022c62b650a0;  1 drivers
v0000022c62bc1040_0 .net "carry_into_msb", 0 0, L_0000022c62bc5a10;  alias, 1 drivers
v0000022c62bc1e00_0 .net "cin", 0 0, v0000022c62bc10e0_0;  1 drivers
v0000022c62bc28a0_0 .net "cout", 0 0, L_0000022c62bc55b0;  alias, 1 drivers
v0000022c62bc2080_0 .net "sum", 7 0, L_0000022c62bc7290;  alias, 1 drivers
L_0000022c62bc23a0 .part v0000022c62bc2300_0, 0, 4;
L_0000022c62bc1fe0 .part v0000022c62bc2760_0, 0, 4;
L_0000022c62bc24e0 .part v0000022c62bc2300_0, 4, 4;
L_0000022c62bc71f0 .part v0000022c62bc2760_0, 4, 4;
L_0000022c62bc7290 .concat8 [ 4 4 0 0], L_0000022c62bc2c60, L_0000022c62bc1680;
S_0000022c62b3d160 .scope module, "u1_RCA_4bit" "RCA_4bit" 3 17, 4 3 0, S_0000022c62b3cfd0;
 .timescale -9 -12;
    .port_info 0 /INPUT 4 "A";
    .port_info 1 /INPUT 4 "B";
    .port_info 2 /INPUT 1 "cin";
    .port_info 3 /OUTPUT 4 "sum";
    .port_info 4 /OUTPUT 1 "cout";
    .port_info 5 /OUTPUT 1 "carry_into_last_bit";
L_0000022c62b64bd0 .functor BUFZ 1, L_0000022c62b652d0, C4<0>, C4<0>, C4<0>;
v0000022c62bb8c60_0 .net "A", 3 0, L_0000022c62bc23a0;  1 drivers
v0000022c62bb97a0_0 .net "B", 3 0, L_0000022c62bc1fe0;  1 drivers
v0000022c62bb8940_0 .net "c1", 0 0, L_0000022c62b64a80;  1 drivers
v0000022c62bb9840_0 .net "c2", 0 0, L_0000022c62b655e0;  1 drivers
v0000022c62bb9ca0_0 .net "c3", 0 0, L_0000022c62b652d0;  1 drivers
v0000022c62bb9c00_0 .net "carry_into_last_bit", 0 0, L_0000022c62b64bd0;  1 drivers
v0000022c62bb8300_0 .net "cin", 0 0, v0000022c62bc10e0_0;  alias, 1 drivers
v0000022c62bb9d40_0 .net "cout", 0 0, L_0000022c62b650a0;  alias, 1 drivers
v0000022c62bb7f40_0 .net "sum", 3 0, L_0000022c62bc2c60;  1 drivers
L_0000022c62bc1180 .part L_0000022c62bc23a0, 0, 1;
L_0000022c62bc2a80 .part L_0000022c62bc1fe0, 0, 1;
L_0000022c62bc29e0 .part L_0000022c62bc23a0, 1, 1;
L_0000022c62bc2b20 .part L_0000022c62bc1fe0, 1, 1;
L_0000022c62bc1ea0 .part L_0000022c62bc23a0, 2, 1;
L_0000022c62bc1f40 .part L_0000022c62bc1fe0, 2, 1;
L_0000022c62bc2bc0 .part L_0000022c62bc23a0, 3, 1;
L_0000022c62bc1400 .part L_0000022c62bc1fe0, 3, 1;
L_0000022c62bc2c60 .concat8 [ 1 1 1 1], L_0000022c62b65030, L_0000022c62b64e70, L_0000022c62b64d20, L_0000022c62b65340;
S_0000022c62aed570 .scope module, "FA1" "FA" 4 16, 5 3 0, S_0000022c62b3d160;
 .timescale -9 -12;
    .port_info 0 /INPUT 1 "A";
    .port_info 1 /INPUT 1 "B";
    .port_info 2 /INPUT 1 "cin";
    .port_info 3 /OUTPUT 1 "sum";
    .port_info 4 /OUTPUT 1 "cout";
L_0000022c62b64a80 .functor OR 1, L_0000022c62b64b60, L_0000022c62b64d90, C4<0>, C4<0>;
v0000022c62b5d840_0 .net "A", 0 0, L_0000022c62bc1180;  1 drivers
v0000022c62b5dac0_0 .net "B", 0 0, L_0000022c62bc2a80;  1 drivers
v0000022c62b5c440_0 .net "C1", 0 0, L_0000022c62b64b60;  1 drivers
v0000022c62b5bf40_0 .net "C2", 0 0, L_0000022c62b64d90;  1 drivers
v0000022c62b5c580_0 .net "S1", 0 0, L_0000022c62b64e00;  1 drivers
v0000022c62b5ca80_0 .net "cin", 0 0, v0000022c62bc10e0_0;  alias, 1 drivers
v0000022c62b5db60_0 .net "cout", 0 0, L_0000022c62b64a80;  alias, 1 drivers
v0000022c62b5c120_0 .net "sum", 0 0, L_0000022c62b65030;  1 drivers
S_0000022c62aed700 .scope module, "ha1" "HA" 5 15, 6 2 0, S_0000022c62aed570;
 .timescale -9 -12;
    .port_info 0 /INPUT 1 "A";
    .port_info 1 /INPUT 1 "B";
    .port_info 2 /OUTPUT 1 "sum";
    .port_info 3 /OUTPUT 1 "cout";
L_0000022c62b64e00 .functor XOR 1, L_0000022c62bc1180, L_0000022c62bc2a80, C4<0>, C4<0>;
L_0000022c62b64b60 .functor AND 1, L_0000022c62bc1180, L_0000022c62bc2a80, C4<1>, C4<1>;
v0000022c62b5d660_0 .net "A", 0 0, L_0000022c62bc1180;  alias, 1 drivers
v0000022c62b5d700_0 .net "B", 0 0, L_0000022c62bc2a80;  alias, 1 drivers
v0000022c62b5d340_0 .net "cout", 0 0, L_0000022c62b64b60;  alias, 1 drivers
v0000022c62b5c3a0_0 .net "sum", 0 0, L_0000022c62b64e00;  alias, 1 drivers
S_0000022c62b39430 .scope module, "ha2" "HA" 5 22, 6 2 0, S_0000022c62aed570;
 .timescale -9 -12;
    .port_info 0 /INPUT 1 "A";
    .port_info 1 /INPUT 1 "B";
    .port_info 2 /OUTPUT 1 "sum";
    .port_info 3 /OUTPUT 1 "cout";
L_0000022c62b65030 .functor XOR 1, L_0000022c62b64e00, v0000022c62bc10e0_0, C4<0>, C4<0>;
L_0000022c62b64d90 .functor AND 1, L_0000022c62b64e00, v0000022c62bc10e0_0, C4<1>, C4<1>;
v0000022c62b5d7a0_0 .net "A", 0 0, L_0000022c62b64e00;  alias, 1 drivers
v0000022c62b5c8a0_0 .net "B", 0 0, v0000022c62bc10e0_0;  alias, 1 drivers
v0000022c62b5c9e0_0 .net "cout", 0 0, L_0000022c62b64d90;  alias, 1 drivers
v0000022c62b5c6c0_0 .net "sum", 0 0, L_0000022c62b65030;  alias, 1 drivers
S_0000022c62b395c0 .scope module, "FA2" "FA" 4 24, 5 3 0, S_0000022c62b3d160;
 .timescale -9 -12;
    .port_info 0 /INPUT 1 "A";
    .port_info 1 /INPUT 1 "B";
    .port_info 2 /INPUT 1 "cin";
    .port_info 3 /OUTPUT 1 "sum";
    .port_info 4 /OUTPUT 1 "cout";
L_0000022c62b655e0 .functor OR 1, L_0000022c62b64f50, L_0000022c62b64fc0, C4<0>, C4<0>;
v0000022c62b5cc60_0 .net "A", 0 0, L_0000022c62bc29e0;  1 drivers
v0000022c62b5cd00_0 .net "B", 0 0, L_0000022c62bc2b20;  1 drivers
v0000022c62b5cda0_0 .net "C1", 0 0, L_0000022c62b64f50;  1 drivers
v0000022c62b5ce40_0 .net "C2", 0 0, L_0000022c62b64fc0;  1 drivers
v0000022c62b556c0_0 .net "S1", 0 0, L_0000022c62b64770;  1 drivers
v0000022c62b55c60_0 .net "cin", 0 0, L_0000022c62b64a80;  alias, 1 drivers
v0000022c62bb92a0_0 .net "cout", 0 0, L_0000022c62b655e0;  alias, 1 drivers
v0000022c62bb8f80_0 .net "sum", 0 0, L_0000022c62b64e70;  1 drivers
S_0000022c62b02ce0 .scope module, "ha1" "HA" 5 15, 6 2 0, S_0000022c62b395c0;
 .timescale -9 -12;
    .port_info 0 /INPUT 1 "A";
    .port_info 1 /INPUT 1 "B";
    .port_info 2 /OUTPUT 1 "sum";
    .port_info 3 /OUTPUT 1 "cout";
L_0000022c62b64770 .functor XOR 1, L_0000022c62bc29e0, L_0000022c62bc2b20, C4<0>, C4<0>;
L_0000022c62b64f50 .functor AND 1, L_0000022c62bc29e0, L_0000022c62bc2b20, C4<1>, C4<1>;
v0000022c62b5cb20_0 .net "A", 0 0, L_0000022c62bc29e0;  alias, 1 drivers
v0000022c62b5bfe0_0 .net "B", 0 0, L_0000022c62bc2b20;  alias, 1 drivers
v0000022c62b5c080_0 .net "cout", 0 0, L_0000022c62b64f50;  alias, 1 drivers
v0000022c62b5d0c0_0 .net "sum", 0 0, L_0000022c62b64770;  alias, 1 drivers
S_0000022c62b02e70 .scope module, "ha2" "HA" 5 22, 6 2 0, S_0000022c62b395c0;
 .timescale -9 -12;
    .port_info 0 /INPUT 1 "A";
    .port_info 1 /INPUT 1 "B";
    .port_info 2 /OUTPUT 1 "sum";
    .port_info 3 /OUTPUT 1 "cout";
L_0000022c62b64e70 .functor XOR 1, L_0000022c62b64770, L_0000022c62b64a80, C4<0>, C4<0>;
L_0000022c62b64fc0 .functor AND 1, L_0000022c62b64770, L_0000022c62b64a80, C4<1>, C4<1>;
v0000022c62b5c1c0_0 .net "A", 0 0, L_0000022c62b64770;  alias, 1 drivers
v0000022c62b5c260_0 .net "B", 0 0, L_0000022c62b64a80;  alias, 1 drivers
v0000022c62b5cbc0_0 .net "cout", 0 0, L_0000022c62b64fc0;  alias, 1 drivers
v0000022c62b5c620_0 .net "sum", 0 0, L_0000022c62b64e70;  alias, 1 drivers
S_0000022c62b03000 .scope module, "FA3" "FA" 4 32, 5 3 0, S_0000022c62b3d160;
 .timescale -9 -12;
    .port_info 0 /INPUT 1 "A";
    .port_info 1 /INPUT 1 "B";
    .port_info 2 /INPUT 1 "cin";
    .port_info 3 /OUTPUT 1 "sum";
    .port_info 4 /OUTPUT 1 "cout";
L_0000022c62b652d0 .functor OR 1, L_0000022c62b64c40, L_0000022c62b65180, C4<0>, C4<0>;
v0000022c62bb9200_0 .net "A", 0 0, L_0000022c62bc1ea0;  1 drivers
v0000022c62bb8120_0 .net "B", 0 0, L_0000022c62bc1f40;  1 drivers
v0000022c62bb8e40_0 .net "C1", 0 0, L_0000022c62b64c40;  1 drivers
v0000022c62bb8580_0 .net "C2", 0 0, L_0000022c62b65180;  1 drivers
v0000022c62bb9340_0 .net "S1", 0 0, L_0000022c62b65260;  1 drivers
v0000022c62bb9980_0 .net "cin", 0 0, L_0000022c62b655e0;  alias, 1 drivers
v0000022c62bb9020_0 .net "cout", 0 0, L_0000022c62b652d0;  alias, 1 drivers
v0000022c62bb90c0_0 .net "sum", 0 0, L_0000022c62b64d20;  1 drivers
S_0000022c62b61ec0 .scope module, "ha1" "HA" 5 15, 6 2 0, S_0000022c62b03000;
 .timescale -9 -12;
    .port_info 0 /INPUT 1 "A";
    .port_info 1 /INPUT 1 "B";
    .port_info 2 /OUTPUT 1 "sum";
    .port_info 3 /OUTPUT 1 "cout";
L_0000022c62b65260 .functor XOR 1, L_0000022c62bc1ea0, L_0000022c62bc1f40, C4<0>, C4<0>;
L_0000022c62b64c40 .functor AND 1, L_0000022c62bc1ea0, L_0000022c62bc1f40, C4<1>, C4<1>;
v0000022c62bb98e0_0 .net "A", 0 0, L_0000022c62bc1ea0;  alias, 1 drivers
v0000022c62bb8260_0 .net "B", 0 0, L_0000022c62bc1f40;  alias, 1 drivers
v0000022c62bb84e0_0 .net "cout", 0 0, L_0000022c62b64c40;  alias, 1 drivers
v0000022c62bb8800_0 .net "sum", 0 0, L_0000022c62b65260;  alias, 1 drivers
S_0000022c62b62050 .scope module, "ha2" "HA" 5 22, 6 2 0, S_0000022c62b03000;
 .timescale -9 -12;
    .port_info 0 /INPUT 1 "A";
    .port_info 1 /INPUT 1 "B";
    .port_info 2 /OUTPUT 1 "sum";
    .port_info 3 /OUTPUT 1 "cout";
L_0000022c62b64d20 .functor XOR 1, L_0000022c62b65260, L_0000022c62b655e0, C4<0>, C4<0>;
L_0000022c62b65180 .functor AND 1, L_0000022c62b65260, L_0000022c62b655e0, C4<1>, C4<1>;
v0000022c62bb8440_0 .net "A", 0 0, L_0000022c62b65260;  alias, 1 drivers
v0000022c62bb8da0_0 .net "B", 0 0, L_0000022c62b655e0;  alias, 1 drivers
v0000022c62bb9520_0 .net "cout", 0 0, L_0000022c62b65180;  alias, 1 drivers
v0000022c62bb9ac0_0 .net "sum", 0 0, L_0000022c62b64d20;  alias, 1 drivers
S_0000022c62b621e0 .scope module, "FA4" "FA" 4 40, 5 3 0, S_0000022c62b3d160;
 .timescale -9 -12;
    .port_info 0 /INPUT 1 "A";
    .port_info 1 /INPUT 1 "B";
    .port_info 2 /INPUT 1 "cin";
    .port_info 3 /OUTPUT 1 "sum";
    .port_info 4 /OUTPUT 1 "cout";
L_0000022c62b650a0 .functor OR 1, L_0000022c62b65420, L_0000022c62b653b0, C4<0>, C4<0>;
v0000022c62bb88a0_0 .net "A", 0 0, L_0000022c62bc2bc0;  1 drivers
v0000022c62bb9700_0 .net "B", 0 0, L_0000022c62bc1400;  1 drivers
v0000022c62bb8ee0_0 .net "C1", 0 0, L_0000022c62b65420;  1 drivers
v0000022c62bb7ea0_0 .net "C2", 0 0, L_0000022c62b653b0;  1 drivers
v0000022c62bb9b60_0 .net "S1", 0 0, L_0000022c62b64700;  1 drivers
v0000022c62bb95c0_0 .net "cin", 0 0, L_0000022c62b652d0;  alias, 1 drivers
v0000022c62bb9660_0 .net "cout", 0 0, L_0000022c62b650a0;  alias, 1 drivers
v0000022c62bb86c0_0 .net "sum", 0 0, L_0000022c62b65340;  1 drivers
S_0000022c62b62370 .scope module, "ha1" "HA" 5 15, 6 2 0, S_0000022c62b621e0;
 .timescale -9 -12;
    .port_info 0 /INPUT 1 "A";
    .port_info 1 /INPUT 1 "B";
    .port_info 2 /OUTPUT 1 "sum";
    .port_info 3 /OUTPUT 1 "cout";
L_0000022c62b64700 .functor XOR 1, L_0000022c62bc2bc0, L_0000022c62bc1400, C4<0>, C4<0>;
L_0000022c62b65420 .functor AND 1, L_0000022c62bc2bc0, L_0000022c62bc1400, C4<1>, C4<1>;
v0000022c62bb8760_0 .net "A", 0 0, L_0000022c62bc2bc0;  alias, 1 drivers
v0000022c62bb93e0_0 .net "B", 0 0, L_0000022c62bc1400;  alias, 1 drivers
v0000022c62bb9a20_0 .net "cout", 0 0, L_0000022c62b65420;  alias, 1 drivers
v0000022c62bb9480_0 .net "sum", 0 0, L_0000022c62b64700;  alias, 1 drivers
S_0000022c62b62500 .scope module, "ha2" "HA" 5 22, 6 2 0, S_0000022c62b621e0;
 .timescale -9 -12;
    .port_info 0 /INPUT 1 "A";
    .port_info 1 /INPUT 1 "B";
    .port_info 2 /OUTPUT 1 "sum";
    .port_info 3 /OUTPUT 1 "cout";
L_0000022c62b65340 .functor XOR 1, L_0000022c62b64700, L_0000022c62b652d0, C4<0>, C4<0>;
L_0000022c62b653b0 .functor AND 1, L_0000022c62b64700, L_0000022c62b652d0, C4<1>, C4<1>;
v0000022c62bb8620_0 .net "A", 0 0, L_0000022c62b64700;  alias, 1 drivers
v0000022c62bb8d00_0 .net "B", 0 0, L_0000022c62b652d0;  alias, 1 drivers
v0000022c62bb9160_0 .net "cout", 0 0, L_0000022c62b653b0;  alias, 1 drivers
v0000022c62bb8a80_0 .net "sum", 0 0, L_0000022c62b65340;  alias, 1 drivers
S_0000022c62b525b0 .scope module, "u2_RCA_4bit" "RCA_4bit" 3 27, 4 3 0, S_0000022c62b3cfd0;
 .timescale -9 -12;
    .port_info 0 /INPUT 4 "A";
    .port_info 1 /INPUT 4 "B";
    .port_info 2 /INPUT 1 "cin";
    .port_info 3 /OUTPUT 4 "sum";
    .port_info 4 /OUTPUT 1 "cout";
    .port_info 5 /OUTPUT 1 "carry_into_last_bit";
L_0000022c62bc5a10 .functor BUFZ 1, L_0000022c62bc53f0, C4<0>, C4<0>, C4<0>;
v0000022c62bc2580_0 .net "A", 3 0, L_0000022c62bc24e0;  1 drivers
v0000022c62bc2d00_0 .net "B", 3 0, L_0000022c62bc71f0;  1 drivers
v0000022c62bc2da0_0 .net "c1", 0 0, L_0000022c62b647e0;  1 drivers
v0000022c62bc0fa0_0 .net "c2", 0 0, L_0000022c62bc5690;  1 drivers
v0000022c62bc21c0_0 .net "c3", 0 0, L_0000022c62bc53f0;  1 drivers
v0000022c62bc26c0_0 .net "carry_into_last_bit", 0 0, L_0000022c62bc5a10;  alias, 1 drivers
v0000022c62bc2440_0 .net "cin", 0 0, L_0000022c62b650a0;  alias, 1 drivers
v0000022c62bc1b80_0 .net "cout", 0 0, L_0000022c62bc55b0;  alias, 1 drivers
v0000022c62bc1ae0_0 .net "sum", 3 0, L_0000022c62bc1680;  1 drivers
L_0000022c62bc1720 .part L_0000022c62bc24e0, 0, 1;
L_0000022c62bc2260 .part L_0000022c62bc71f0, 0, 1;
L_0000022c62bc2120 .part L_0000022c62bc24e0, 1, 1;
L_0000022c62bc1220 .part L_0000022c62bc71f0, 1, 1;
L_0000022c62bc14a0 .part L_0000022c62bc24e0, 2, 1;
L_0000022c62bc12c0 .part L_0000022c62bc71f0, 2, 1;
L_0000022c62bc1540 .part L_0000022c62bc24e0, 3, 1;
L_0000022c62bc1900 .part L_0000022c62bc71f0, 3, 1;
L_0000022c62bc1680 .concat8 [ 1 1 1 1], L_0000022c62b64cb0, L_0000022c62b649a0, L_0000022c62bc5b60, L_0000022c62bc57e0;
S_0000022c62b52740 .scope module, "FA1" "FA" 4 16, 5 3 0, S_0000022c62b525b0;
 .timescale -9 -12;
    .port_info 0 /INPUT 1 "A";
    .port_info 1 /INPUT 1 "B";
    .port_info 2 /INPUT 1 "cin";
    .port_info 3 /OUTPUT 1 "sum";
    .port_info 4 /OUTPUT 1 "cout";
L_0000022c62b647e0 .functor OR 1, L_0000022c62b65500, L_0000022c62b64930, C4<0>, C4<0>;
v0000022c62bbb500_0 .net "A", 0 0, L_0000022c62bc1720;  1 drivers
v0000022c62bbb140_0 .net "B", 0 0, L_0000022c62bc2260;  1 drivers
v0000022c62bbb640_0 .net "C1", 0 0, L_0000022c62b65500;  1 drivers
v0000022c62bbc040_0 .net "C2", 0 0, L_0000022c62b64930;  1 drivers
v0000022c62bbb280_0 .net "S1", 0 0, L_0000022c62b65110;  1 drivers
v0000022c62bbb320_0 .net "cin", 0 0, L_0000022c62b650a0;  alias, 1 drivers
v0000022c62bbbc80_0 .net "cout", 0 0, L_0000022c62b647e0;  alias, 1 drivers
v0000022c62bbccc0_0 .net "sum", 0 0, L_0000022c62b64cb0;  1 drivers
S_0000022c62bba4f0 .scope module, "ha1" "HA" 5 15, 6 2 0, S_0000022c62b52740;
 .timescale -9 -12;
    .port_info 0 /INPUT 1 "A";
    .port_info 1 /INPUT 1 "B";
    .port_info 2 /OUTPUT 1 "sum";
    .port_info 3 /OUTPUT 1 "cout";
L_0000022c62b65110 .functor XOR 1, L_0000022c62bc1720, L_0000022c62bc2260, C4<0>, C4<0>;
L_0000022c62b65500 .functor AND 1, L_0000022c62bc1720, L_0000022c62bc2260, C4<1>, C4<1>;
v0000022c62bb7fe0_0 .net "A", 0 0, L_0000022c62bc1720;  alias, 1 drivers
v0000022c62bb8080_0 .net "B", 0 0, L_0000022c62bc2260;  alias, 1 drivers
v0000022c62bb81c0_0 .net "cout", 0 0, L_0000022c62b65500;  alias, 1 drivers
v0000022c62bb89e0_0 .net "sum", 0 0, L_0000022c62b65110;  alias, 1 drivers
S_0000022c62bba680 .scope module, "ha2" "HA" 5 22, 6 2 0, S_0000022c62b52740;
 .timescale -9 -12;
    .port_info 0 /INPUT 1 "A";
    .port_info 1 /INPUT 1 "B";
    .port_info 2 /OUTPUT 1 "sum";
    .port_info 3 /OUTPUT 1 "cout";
L_0000022c62b64cb0 .functor XOR 1, L_0000022c62b65110, L_0000022c62b650a0, C4<0>, C4<0>;
L_0000022c62b64930 .functor AND 1, L_0000022c62b65110, L_0000022c62b650a0, C4<1>, C4<1>;
v0000022c62bb83a0_0 .net "A", 0 0, L_0000022c62b65110;  alias, 1 drivers
v0000022c62bb8b20_0 .net "B", 0 0, L_0000022c62b650a0;  alias, 1 drivers
v0000022c62bb8bc0_0 .net "cout", 0 0, L_0000022c62b64930;  alias, 1 drivers
v0000022c62bbb6e0_0 .net "sum", 0 0, L_0000022c62b64cb0;  alias, 1 drivers
S_0000022c62bba810 .scope module, "FA2" "FA" 4 24, 5 3 0, S_0000022c62b525b0;
 .timescale -9 -12;
    .port_info 0 /INPUT 1 "A";
    .port_info 1 /INPUT 1 "B";
    .port_info 2 /INPUT 1 "cin";
    .port_info 3 /OUTPUT 1 "sum";
    .port_info 4 /OUTPUT 1 "cout";
L_0000022c62bc5690 .functor OR 1, L_0000022c62b648c0, L_0000022c62b64a10, C4<0>, C4<0>;
v0000022c62bbc680_0 .net "A", 0 0, L_0000022c62bc2120;  1 drivers
v0000022c62bbbaa0_0 .net "B", 0 0, L_0000022c62bc1220;  1 drivers
v0000022c62bbbb40_0 .net "C1", 0 0, L_0000022c62b648c0;  1 drivers
v0000022c62bbbdc0_0 .net "C2", 0 0, L_0000022c62b64a10;  1 drivers
v0000022c62bbc720_0 .net "S1", 0 0, L_0000022c62b64850;  1 drivers
v0000022c62bbc4a0_0 .net "cin", 0 0, L_0000022c62b647e0;  alias, 1 drivers
v0000022c62bbc2c0_0 .net "cout", 0 0, L_0000022c62bc5690;  alias, 1 drivers
v0000022c62bbc7c0_0 .net "sum", 0 0, L_0000022c62b649a0;  1 drivers
S_0000022c62bba1d0 .scope module, "ha1" "HA" 5 15, 6 2 0, S_0000022c62bba810;
 .timescale -9 -12;
    .port_info 0 /INPUT 1 "A";
    .port_info 1 /INPUT 1 "B";
    .port_info 2 /OUTPUT 1 "sum";
    .port_info 3 /OUTPUT 1 "cout";
L_0000022c62b64850 .functor XOR 1, L_0000022c62bc2120, L_0000022c62bc1220, C4<0>, C4<0>;
L_0000022c62b648c0 .functor AND 1, L_0000022c62bc2120, L_0000022c62bc1220, C4<1>, C4<1>;
v0000022c62bbcb80_0 .net "A", 0 0, L_0000022c62bc2120;  alias, 1 drivers
v0000022c62bbc220_0 .net "B", 0 0, L_0000022c62bc1220;  alias, 1 drivers
v0000022c62bbbbe0_0 .net "cout", 0 0, L_0000022c62b648c0;  alias, 1 drivers
v0000022c62bbaec0_0 .net "sum", 0 0, L_0000022c62b64850;  alias, 1 drivers
S_0000022c62bba9a0 .scope module, "ha2" "HA" 5 22, 6 2 0, S_0000022c62bba810;
 .timescale -9 -12;
    .port_info 0 /INPUT 1 "A";
    .port_info 1 /INPUT 1 "B";
    .port_info 2 /OUTPUT 1 "sum";
    .port_info 3 /OUTPUT 1 "cout";
L_0000022c62b649a0 .functor XOR 1, L_0000022c62b64850, L_0000022c62b647e0, C4<0>, C4<0>;
L_0000022c62b64a10 .functor AND 1, L_0000022c62b64850, L_0000022c62b647e0, C4<1>, C4<1>;
v0000022c62bbbd20_0 .net "A", 0 0, L_0000022c62b64850;  alias, 1 drivers
v0000022c62bbc540_0 .net "B", 0 0, L_0000022c62b647e0;  alias, 1 drivers
v0000022c62bbc5e0_0 .net "cout", 0 0, L_0000022c62b64a10;  alias, 1 drivers
v0000022c62bbb1e0_0 .net "sum", 0 0, L_0000022c62b649a0;  alias, 1 drivers
S_0000022c62bba360 .scope module, "FA3" "FA" 4 32, 5 3 0, S_0000022c62b525b0;
 .timescale -9 -12;
    .port_info 0 /INPUT 1 "A";
    .port_info 1 /INPUT 1 "B";
    .port_info 2 /INPUT 1 "cin";
    .port_info 3 /OUTPUT 1 "sum";
    .port_info 4 /OUTPUT 1 "cout";
L_0000022c62bc53f0 .functor OR 1, L_0000022c62bc5310, L_0000022c62bc5e00, C4<0>, C4<0>;
v0000022c62bbb960_0 .net "A", 0 0, L_0000022c62bc14a0;  1 drivers
v0000022c62bbbf00_0 .net "B", 0 0, L_0000022c62bc12c0;  1 drivers
v0000022c62bbbfa0_0 .net "C1", 0 0, L_0000022c62bc5310;  1 drivers
v0000022c62bbcd60_0 .net "C2", 0 0, L_0000022c62bc5e00;  1 drivers
v0000022c62bbb460_0 .net "S1", 0 0, L_0000022c62bc5770;  1 drivers
v0000022c62bbcae0_0 .net "cin", 0 0, L_0000022c62bc5690;  alias, 1 drivers
v0000022c62bbb5a0_0 .net "cout", 0 0, L_0000022c62bc53f0;  alias, 1 drivers
v0000022c62bbb000_0 .net "sum", 0 0, L_0000022c62bc5b60;  1 drivers
S_0000022c62bbacc0 .scope module, "ha1" "HA" 5 15, 6 2 0, S_0000022c62bba360;
 .timescale -9 -12;
    .port_info 0 /INPUT 1 "A";
    .port_info 1 /INPUT 1 "B";
    .port_info 2 /OUTPUT 1 "sum";
    .port_info 3 /OUTPUT 1 "cout";
L_0000022c62bc5770 .functor XOR 1, L_0000022c62bc14a0, L_0000022c62bc12c0, C4<0>, C4<0>;
L_0000022c62bc5310 .functor AND 1, L_0000022c62bc14a0, L_0000022c62bc12c0, C4<1>, C4<1>;
v0000022c62bbc0e0_0 .net "A", 0 0, L_0000022c62bc14a0;  alias, 1 drivers
v0000022c62bbbe60_0 .net "B", 0 0, L_0000022c62bc12c0;  alias, 1 drivers
v0000022c62bbc360_0 .net "cout", 0 0, L_0000022c62bc5310;  alias, 1 drivers
v0000022c62bbcc20_0 .net "sum", 0 0, L_0000022c62bc5770;  alias, 1 drivers
S_0000022c62bba040 .scope module, "ha2" "HA" 5 22, 6 2 0, S_0000022c62bba360;
 .timescale -9 -12;
    .port_info 0 /INPUT 1 "A";
    .port_info 1 /INPUT 1 "B";
    .port_info 2 /OUTPUT 1 "sum";
    .port_info 3 /OUTPUT 1 "cout";
L_0000022c62bc5b60 .functor XOR 1, L_0000022c62bc5770, L_0000022c62bc5690, C4<0>, C4<0>;
L_0000022c62bc5e00 .functor AND 1, L_0000022c62bc5770, L_0000022c62bc5690, C4<1>, C4<1>;
v0000022c62bbb820_0 .net "A", 0 0, L_0000022c62bc5770;  alias, 1 drivers
v0000022c62bbaf60_0 .net "B", 0 0, L_0000022c62bc5690;  alias, 1 drivers
v0000022c62bbc180_0 .net "cout", 0 0, L_0000022c62bc5e00;  alias, 1 drivers
v0000022c62bbb3c0_0 .net "sum", 0 0, L_0000022c62bc5b60;  alias, 1 drivers
S_0000022c62bbab30 .scope module, "FA4" "FA" 4 40, 5 3 0, S_0000022c62b525b0;
 .timescale -9 -12;
    .port_info 0 /INPUT 1 "A";
    .port_info 1 /INPUT 1 "B";
    .port_info 2 /INPUT 1 "cin";
    .port_info 3 /OUTPUT 1 "sum";
    .port_info 4 /OUTPUT 1 "cout";
L_0000022c62bc55b0 .functor OR 1, L_0000022c62bc5460, L_0000022c62bc59a0, C4<0>, C4<0>;
v0000022c62bbba00_0 .net "A", 0 0, L_0000022c62bc1540;  1 drivers
v0000022c62bc1360_0 .net "B", 0 0, L_0000022c62bc1900;  1 drivers
v0000022c62bc2800_0 .net "C1", 0 0, L_0000022c62bc5460;  1 drivers
v0000022c62bc17c0_0 .net "C2", 0 0, L_0000022c62bc59a0;  1 drivers
v0000022c62bc0f00_0 .net "S1", 0 0, L_0000022c62bc5d90;  1 drivers
v0000022c62bc19a0_0 .net "cin", 0 0, L_0000022c62bc53f0;  alias, 1 drivers
v0000022c62bc1a40_0 .net "cout", 0 0, L_0000022c62bc55b0;  alias, 1 drivers
v0000022c62bc1cc0_0 .net "sum", 0 0, L_0000022c62bc57e0;  1 drivers
S_0000022c62bb9eb0 .scope module, "ha1" "HA" 5 15, 6 2 0, S_0000022c62bbab30;
 .timescale -9 -12;
    .port_info 0 /INPUT 1 "A";
    .port_info 1 /INPUT 1 "B";
    .port_info 2 /OUTPUT 1 "sum";
    .port_info 3 /OUTPUT 1 "cout";
L_0000022c62bc5d90 .functor XOR 1, L_0000022c62bc1540, L_0000022c62bc1900, C4<0>, C4<0>;
L_0000022c62bc5460 .functor AND 1, L_0000022c62bc1540, L_0000022c62bc1900, C4<1>, C4<1>;
v0000022c62bbc400_0 .net "A", 0 0, L_0000022c62bc1540;  alias, 1 drivers
v0000022c62bbb0a0_0 .net "B", 0 0, L_0000022c62bc1900;  alias, 1 drivers
v0000022c62bbc860_0 .net "cout", 0 0, L_0000022c62bc5460;  alias, 1 drivers
v0000022c62bbc900_0 .net "sum", 0 0, L_0000022c62bc5d90;  alias, 1 drivers
S_0000022c62bc0b10 .scope module, "ha2" "HA" 5 22, 6 2 0, S_0000022c62bbab30;
 .timescale -9 -12;
    .port_info 0 /INPUT 1 "A";
    .port_info 1 /INPUT 1 "B";
    .port_info 2 /OUTPUT 1 "sum";
    .port_info 3 /OUTPUT 1 "cout";
L_0000022c62bc57e0 .functor XOR 1, L_0000022c62bc5d90, L_0000022c62bc53f0, C4<0>, C4<0>;
L_0000022c62bc59a0 .functor AND 1, L_0000022c62bc5d90, L_0000022c62bc53f0, C4<1>, C4<1>;
v0000022c62bbc9a0_0 .net "A", 0 0, L_0000022c62bc5d90;  alias, 1 drivers
v0000022c62bbb780_0 .net "B", 0 0, L_0000022c62bc53f0;  alias, 1 drivers
v0000022c62bbca40_0 .net "cout", 0 0, L_0000022c62bc59a0;  alias, 1 drivers
v0000022c62bbb8c0_0 .net "sum", 0 0, L_0000022c62bc57e0;  alias, 1 drivers
    .scope S_0000022c62b657d0;
T_0 ;
    %vpi_call 2 22 "$dumpfile", "wave/Ripple_adder_8bit.vcd" {0 0 0};
    %vpi_call 2 23 "$dumpvars", 32'sb00000000000000000000000000000000, S_0000022c62b657d0 {0 0 0};
    %pushi/vec4 0, 0, 8;
    %store/vec4 v0000022c62bc2300_0, 0, 8;
    %pushi/vec4 0, 0, 8;
    %store/vec4 v0000022c62bc2760_0, 0, 8;
    %pushi/vec4 0, 0, 1;
    %store/vec4 v0000022c62bc10e0_0, 0, 1;
    %delay 10000, 0;
    %pushi/vec4 7, 0, 8;
    %store/vec4 v0000022c62bc2300_0, 0, 8;
    %pushi/vec4 1, 0, 8;
    %store/vec4 v0000022c62bc2760_0, 0, 8;
    %pushi/vec4 0, 0, 1;
    %store/vec4 v0000022c62bc10e0_0, 0, 1;
    %delay 10000, 0;
    %pushi/vec4 1, 0, 8;
    %store/vec4 v0000022c62bc2300_0, 0, 8;
    %pushi/vec4 1, 0, 8;
    %store/vec4 v0000022c62bc2760_0, 0, 8;
    %pushi/vec4 0, 0, 1;
    %store/vec4 v0000022c62bc10e0_0, 0, 1;
    %delay 10000, 0;
    %pushi/vec4 255, 0, 8;
    %store/vec4 v0000022c62bc2300_0, 0, 8;
    %pushi/vec4 1, 0, 8;
    %store/vec4 v0000022c62bc2760_0, 0, 8;
    %pushi/vec4 0, 0, 1;
    %store/vec4 v0000022c62bc10e0_0, 0, 1;
    %delay 10000, 0;
    %pushi/vec4 69, 0, 8;
    %store/vec4 v0000022c62bc2300_0, 0, 8;
    %pushi/vec4 9, 0, 8;
    %store/vec4 v0000022c62bc2760_0, 0, 8;
    %pushi/vec4 1, 0, 1;
    %store/vec4 v0000022c62bc10e0_0, 0, 1;
    %delay 10000, 0;
    %pushi/vec4 255, 0, 8;
    %store/vec4 v0000022c62bc2300_0, 0, 8;
    %pushi/vec4 255, 0, 8;
    %store/vec4 v0000022c62bc2760_0, 0, 8;
    %pushi/vec4 0, 0, 1;
    %store/vec4 v0000022c62bc10e0_0, 0, 1;
    %delay 10000, 0;
    %vpi_call 2 60 "$finish" {0 0 0};
    %end;
    .thread T_0;
# The file index is used to find the file name in the following table.
:file_names 7;
    "N/A";
    "<interactive>";
    "tb/ripple_adder_8bit_TB.v";
    "rtl/ripple_adder_8bit.v";
    "rtl/ripple_adder_4bit.v";
    "rtl/full_adder.v";
    "rtl/half_adder.v";
