#! /c/Source/iverilog-install/bin/vvp
:ivl_version "12.0 (devel)" "(s20150603-1539-g2693dd32b)";
:ivl_delay_selection "TYPICAL";
:vpi_time_precision - 12;
:vpi_module "C:\iverilog\lib\ivl\system.vpi";
:vpi_module "C:\iverilog\lib\ivl\vhdl_sys.vpi";
:vpi_module "C:\iverilog\lib\ivl\vhdl_textio.vpi";
:vpi_module "C:\iverilog\lib\ivl\v2005_math.vpi";
:vpi_module "C:\iverilog\lib\ivl\va_math.vpi";
S_000001f4d1b48040 .scope module, "shift_unit_tb" "shift_unit_tb" 2 3;
 .timescale -9 -12;
v000001f4d1b0bcc0_0 .var "A", 7 0;
v000001f4d1b59180_0 .net "result", 7 0, v000001f4d1b234f0_0;  1 drivers
v000001f4d1b59220_0 .net "shift_carry", 0 0, v000001f4d1b230e0_0;  1 drivers
v000001f4d1b592c0_0 .var "shift_op", 0 0;
S_000001f4d1b58ff0 .scope module, "dut" "shift_unit" 2 9, 3 3 0, S_000001f4d1b48040;
 .timescale -9 -12;
    .port_info 0 /INPUT 8 "A";
    .port_info 1 /INPUT 1 "shift_op";
    .port_info 2 /OUTPUT 8 "result";
    .port_info 3 /OUTPUT 1 "shift_carry";
v000001f4d1b23730_0 .net "A", 7 0, v000001f4d1b0bcc0_0;  1 drivers
v000001f4d1b234f0_0 .var "result", 7 0;
v000001f4d1b230e0_0 .var "shift_carry", 0 0;
v000001f4d1b481d0_0 .net "shift_op", 0 0, v000001f4d1b592c0_0;  1 drivers
E_000001f4d1b0af90 .event anyedge, v000001f4d1b481d0_0, v000001f4d1b23730_0;
    .scope S_000001f4d1b58ff0;
T_0 ;
    %wait E_000001f4d1b0af90;
    %load/vec4 v000001f4d1b481d0_0;
    %dup/vec4;
    %pushi/vec4 0, 0, 1;
    %cmp/u;
    %jmp/1 T_0.0, 6;
    %dup/vec4;
    %pushi/vec4 1, 0, 1;
    %cmp/u;
    %jmp/1 T_0.1, 6;
    %pushi/vec4 0, 0, 8;
    %store/vec4 v000001f4d1b234f0_0, 0, 8;
    %pushi/vec4 0, 0, 1;
    %store/vec4 v000001f4d1b230e0_0, 0, 1;
    %jmp T_0.3;
T_0.0 ;
    %load/vec4 v000001f4d1b23730_0;
    %parti/s 1, 6, 4;
    %ix/load 4, 7, 0;
    %flag_set/imm 4, 0;
    %store/vec4 v000001f4d1b234f0_0, 4, 1;
    %load/vec4 v000001f4d1b23730_0;
    %parti/s 1, 5, 4;
    %ix/load 4, 6, 0;
    %flag_set/imm 4, 0;
    %store/vec4 v000001f4d1b234f0_0, 4, 1;
    %load/vec4 v000001f4d1b23730_0;
    %parti/s 1, 4, 4;
    %ix/load 4, 5, 0;
    %flag_set/imm 4, 0;
    %store/vec4 v000001f4d1b234f0_0, 4, 1;
    %load/vec4 v000001f4d1b23730_0;
    %parti/s 1, 3, 3;
    %ix/load 4, 4, 0;
    %flag_set/imm 4, 0;
    %store/vec4 v000001f4d1b234f0_0, 4, 1;
    %load/vec4 v000001f4d1b23730_0;
    %parti/s 1, 2, 3;
    %ix/load 4, 3, 0;
    %flag_set/imm 4, 0;
    %store/vec4 v000001f4d1b234f0_0, 4, 1;
    %load/vec4 v000001f4d1b23730_0;
    %parti/s 1, 1, 2;
    %ix/load 4, 2, 0;
    %flag_set/imm 4, 0;
    %store/vec4 v000001f4d1b234f0_0, 4, 1;
    %load/vec4 v000001f4d1b23730_0;
    %parti/s 1, 0, 2;
    %ix/load 4, 1, 0;
    %flag_set/imm 4, 0;
    %store/vec4 v000001f4d1b234f0_0, 4, 1;
    %pushi/vec4 0, 0, 1;
    %ix/load 4, 0, 0;
    %flag_set/imm 4, 0;
    %store/vec4 v000001f4d1b234f0_0, 4, 1;
    %load/vec4 v000001f4d1b23730_0;
    %parti/s 1, 7, 4;
    %store/vec4 v000001f4d1b230e0_0, 0, 1;
    %jmp T_0.3;
T_0.1 ;
    %pushi/vec4 0, 0, 1;
    %ix/load 4, 7, 0;
    %flag_set/imm 4, 0;
    %store/vec4 v000001f4d1b234f0_0, 4, 1;
    %load/vec4 v000001f4d1b23730_0;
    %parti/s 1, 7, 4;
    %ix/load 4, 6, 0;
    %flag_set/imm 4, 0;
    %store/vec4 v000001f4d1b234f0_0, 4, 1;
    %load/vec4 v000001f4d1b23730_0;
    %parti/s 1, 6, 4;
    %ix/load 4, 5, 0;
    %flag_set/imm 4, 0;
    %store/vec4 v000001f4d1b234f0_0, 4, 1;
    %load/vec4 v000001f4d1b23730_0;
    %parti/s 1, 5, 4;
    %ix/load 4, 4, 0;
    %flag_set/imm 4, 0;
    %store/vec4 v000001f4d1b234f0_0, 4, 1;
    %load/vec4 v000001f4d1b23730_0;
    %parti/s 1, 4, 4;
    %ix/load 4, 3, 0;
    %flag_set/imm 4, 0;
    %store/vec4 v000001f4d1b234f0_0, 4, 1;
    %load/vec4 v000001f4d1b23730_0;
    %parti/s 1, 3, 3;
    %ix/load 4, 2, 0;
    %flag_set/imm 4, 0;
    %store/vec4 v000001f4d1b234f0_0, 4, 1;
    %load/vec4 v000001f4d1b23730_0;
    %parti/s 1, 2, 3;
    %ix/load 4, 1, 0;
    %flag_set/imm 4, 0;
    %store/vec4 v000001f4d1b234f0_0, 4, 1;
    %load/vec4 v000001f4d1b23730_0;
    %parti/s 1, 1, 2;
    %ix/load 4, 0, 0;
    %flag_set/imm 4, 0;
    %store/vec4 v000001f4d1b234f0_0, 4, 1;
    %load/vec4 v000001f4d1b23730_0;
    %parti/s 1, 0, 2;
    %store/vec4 v000001f4d1b230e0_0, 0, 1;
    %jmp T_0.3;
T_0.3 ;
    %pop/vec4 1;
    %jmp T_0;
    .thread T_0, $push;
    .scope S_000001f4d1b48040;
T_1 ;
    %vpi_call 2 17 "$dumpfile", "wave/shift_unit.vcd" {0 0 0};
    %vpi_call 2 18 "$dumpvars", 32'sb00000000000000000000000000000000, S_000001f4d1b48040 {0 0 0};
    %pushi/vec4 7, 0, 8;
    %store/vec4 v000001f4d1b0bcc0_0, 0, 8;
    %pushi/vec4 0, 0, 1;
    %store/vec4 v000001f4d1b592c0_0, 0, 1;
    %delay 10000, 0;
    %pushi/vec4 7, 0, 8;
    %store/vec4 v000001f4d1b0bcc0_0, 0, 8;
    %pushi/vec4 1, 0, 1;
    %store/vec4 v000001f4d1b592c0_0, 0, 1;
    %delay 10000, 0;
    %vpi_call 2 30 "$finish" {0 0 0};
    %end;
    .thread T_1;
# The file index is used to find the file name in the following table.
:file_names 4;
    "N/A";
    "<interactive>";
    "tb/shift_unit_TB.v";
    "rtl/shift_unit.v";
